Command: /home/bhavesh/.espressif/python_env/idf5.5_py3.10_env/bin/python /home/bhavesh/esp/esp-idf/tools/idf_monitor.py -p /dev/ttyUSB0 -b 115200 --toolchain-prefix xtensa-esp32-elf- --target esp32 --revision 0 /home/bhavesh/Talk-To-My-Hand/build/SignSpeak.elf /home/bhavesh/Talk-To-My-Hand/build/bootloader/bootloader.elf -m '/home/bhavesh/.espressif/python_env/idf5.5_py3.10_env/bin/python' '/home/bhavesh/esp/esp-idf/tools/idf.py' '-p' '/dev/ttyUSB0'
[0;32mI (171) boot: Loaded app from partition at offset 0x10000[0m
[0;32mI (171) boot: Disabling RNGï¿½ets Jun  8 2016 00:22:57[0m

rst:0x1 (POWERON_RESET),boot:0x13 (SPI_FAST_FLASH_BOOT)
configsip: 0, SPIWP:0xee
clk_drv:0x00,q_drv:0x00,d_drv:0x00,cs0_drv:0x00,hd_drv:0x00,wp_drv:0x00
mode:DIO, clock div:2
load:0x3fff0030,len:6368
load:0x40078000,len:15880
load:0x40080400,len:3860
entry 0x40080638
[0;32mI (27) boot: ESP-IDF v5.5-dev-2657-g23c73cdc37 2nd stage bootloader[0m
[0;32mI (27) boot: compile time Apr  6 2025 17:37:33[0m
[0;32mI (27) boot: Multicore bootloader[0m
[0;32mI (30) boot: chip revision: v1.0[0m
[0;32mI (33) boot.esp32: SPI Speed      : 40MHz[0m
[0;32mI (36) boot.esp32: SPI Mode       : DIO[0m
[0;32mI (40) boot.esp32: SPI Flash Size : 2MB[0m
[0;32mI (44) boot: Enabling RNG early entropy source...[0m
[0;32mI (48) boot: Partition Table:[0m
[0;32mI (51) boot: ## Label            Usage          Type ST Offset   Length[0m
[0;32mI (57) boot:  0 nvs              WiFi data        01 02 00009000 00006000[0m
[0;32mI (64) boot:  1 phy_init         RF data          01 01 0000f000 00001000[0m
[0;32mI (70) boot:  2 factory          factory app      00 00 00010000 00100000[0m
[0;32mI (77) boot: End of partition table[0m
[0;32mI (80) esp_image: segment 0: paddr=00010020 vaddr=3f400020 size=0a308h ( 41736) map[0m
[0;32mI (102) esp_image: segment 1: paddr=0001a330 vaddr=3ff80000 size=0001ch (    28) load[0m
[0;32mI (102) esp_image: segment 2: paddr=0001a354 vaddr=3ffb0000 size=02384h (  9092) load[0m
[0;32mI (109) esp_image: segment 3: paddr=0001c6e0 vaddr=40080000 size=03938h ( 14648) load[0m
[0;32mI (119) esp_image: segment 4: paddr=00020020 vaddr=400d0020 size=14ac8h ( 84680) map[0m
[0;32mI (150) esp_image: segment 5: paddr=00034af0 vaddr=40083938 size=09338h ( 37688) load[0m
[0;32mI (171) boot: Loaded app from partition at offset 0x10000[0m
[0;32mI (171) boot: Disabling RNG early entropy source...[0m
[0;32mI (181) cpu_start: Multicore app[0m
[0;32mI (190) cpu_start: Pro cpu start user code[0m
[0;32mI (190) cpu_start: cpu freq: 160000000 Hz[0m
[0;32mI (190) app_init: Application information:[0m
[0;32mI (193) app_init: Project name:     SignSpeak[0m
[0;32mI (198) app_init: App version:      81ea904-dirty[0m
[0;32mI (203) app_init: Compile time:     Apr  6 2025 17:37:20[0m
[0;32mI (209) app_init: ELF file SHA256:  8e0f28bbde118c7c...[0m
[0;32mI (215) app_init: ESP-IDF:          v5.5-dev-2657-g23c73cdc37[0m
[0;32mI (221) efuse_init: Min chip rev:     v0.0[0m
[0;32mI (226) efuse_init: Max chip rev:     v3.99 [0m
[0;32mI (231) efuse_init: Chip rev:         v1.0[0m
[0;32mI (236) heap_init: Initializing. RAM available for dynamic allocation:[0m
[0;32mI (243) heap_init: At 3FFAE6E0 len 00001920 (6 KiB): DRAM[0m
[0;32mI (249) heap_init: At 3FFB2C78 len 0002D388 (180 KiB): DRAM[0m
[0;32mI (255) heap_init: At 3FFE0440 len 00003AE0 (14 KiB): D/IRAM[0m
[0;32mI (262) heap_init: At 3FFE4350 len 0001BCB0 (111 KiB): D/IRAM[0m
[0;32mI (268) heap_init: At 4008CC70 len 00013390 (76 KiB): IRAM[0m
[0;32mI (276) spi_flash: detected chip: generic[0m
[0;32mI (279) spi_flash: flash io: dio[0m
[0;33mW (283) spi_flash: Detected size(4096k) larger than the size in the binary image header(2048k). Using the size in the binary image header.[0m
[0;32mI (297) main_task: Started on CPU0[0m
[0;32mI (307) main_task: Calling app_main()[0m
[0;32mI (307) FLEX_SENSOR: Starting Flex Sensor Test on GPIO33...[0m
[0;32mI (307) FLEX_SENSOR: Flex1 Value: 3557[0m
[0;32mI (407) FLEX_SENSOR: Flex1 Value: 39[0m
[0;32mI (507) FLEX_SENSOR: Flex1 Value: 23[0m
[0;32mI (607) FLEX_SENSOR: Flex1 Value: 61[0m
[0;32mI (707) FLEX_SENSOR: Flex1 Value: 36[0m
[0;32mI (807) FLEX_SENSOR: Flex1 Value: 16[0m
[0;32mI (1107) FLEX_SENSOR: Flex1 Value: 54[0m
[0;32mI (1707) FLEX_SENSOR: Flex1 Value: 41[0m
[0;32mI (1807) FLEX_SENSOR: Flex1 Value: 77[0m
[0;32mI (2107) FLEX_SENSOR: Flex1 Value: 150[0m
[0;32mI (2207) FLEX_SENSOR: Flex1 Value: 90[0m
[0;32mI (2307) FLEX_SENSOR: Flex1 Value: 134[0m
[0;32mI (2407) FLEX_SENSOR: Flex1 Value: 215[0m
[0;32mI (2507) FLEX_SENSOR: Flex1 Value: 203[0m
[0;32mI (2607) FLEX_SENSOR: Flex1 Value: 327[0m
[0;32mI (2707) FLEX_SENSOR: Flex1 Value: 316[0m
[0;32mI (2907) FLEX_SENSOR: Flex1 Value: 412[0m
[0;32mI (3007) FLEX_SENSOR: Flex1 Value: 504[0m
[0;32mI (3107) FLEX_SENSOR: Flex1 Value: 473[0m
[0;32mI (3207) FLEX_SENSOR: Flex1 Value: 610[0m
[0;32mI (3307) FLEX_SENSOR: Flex1 Value: 645[0m
[0;32mI (3407) FLEX_SENSOR: Flex1 Value: 738[0m
[0;32mI (3507) FLEX_SENSOR: Flex1 Value: 851[0m
[0;32mI (3607) FLEX_SENSOR: Flex1 Value: 953[0m
[0;32mI (3707) FLEX_SENSOR: Flex1 Value: 998[0m
[0;32mI (3807) FLEX_SENSOR: Flex1 Value: 1219[0m
[0;32mI (3907) FLEX_SENSOR: Flex1 Value: 1175[0m
[0;32mI (4007) FLEX_SENSOR: Flex1 Value: 1320[0m
[0;32mI (4107) FLEX_SENSOR: Flex1 Value: 1306[0m
[0;32mI (4207) FLEX_SENSOR: Flex1 Value: 1422[0m
[0;32mI (4307) FLEX_SENSOR: Flex1 Value: 1548[0m
[0;32mI (4507) FLEX_SENSOR: Flex1 Value: 1689[0m
[0;32mI (4607) FLEX_SENSOR: Flex1 Value: 1838[0m
[0;32mI (4707) FLEX_SENSOR: Flex1 Value: 1876[0m
[0;32mI (4807) FLEX_SENSOR: Flex1 Value: 2009[0m
[0;32mI (5007) FLEX_SENSOR: Flex1 Value: 2093[0m
[0;32mI (5107) FLEX_SENSOR: Flex1 Value: 2189[0m
[0;32mI (5207) FLEX_SENSOR: Flex1 Value: 2376[0m
[0;32mI (5307) FLEX_SENSOR: Flex1 Value: 2423[0m
[0;32mI (5407) FLEX_SENSOR: Flex1 Value: 2463[0m
[0;32mI (5507) FLEX_SENSOR: Flex1 Value: 2604[0m
[0;32mI (5607) FLEX_SENSOR: Flex1 Value: 2689[0m
[0;32mI (5707) FLEX_SENSOR: Flex1 Value: 2888[0m
[0;32mI (5807) FLEX_SENSOR: Flex1 Value: 2983[0m
[0;32mI (5907) FLEX_SENSOR: Flex1 Value: 3016[0m
[0;32mI (6007) FLEX_SENSOR: Flex1 Value: 3068[0m
[0;32mI (6107) FLEX_SENSOR: Flex1 Value: 3176[0m
[0;32mI (6207) FLEX_SENSOR: Flex1 Value: 3283[0m
[0;32mI (6307) FLEX_SENSOR: Flex1 Value: 3395[0m
[0;32mI (6407) FLEX_SENSOR: Flex1 Value: 3409[0m
[0;32mI (6507) FLEX_SENSOR: Flex1 Value: 3546[0m
[0;32mI (6607) FLEX_SENSOR: Flex1 Value: 3509[0m
[0;32mI (6707) FLEX_SENSOR: Flex1 Value: 3560[0m
[0;32mI (6807) FLEX_SENSOR: Flex1 Value: 3612[0m
[0;32mI (6907) FLEX_SENSOR: Flex1 Value: 3721[0m
[0;32mI (7107) FLEX_SENSOR: Flex1 Value: 3824[0m
[0;32mI (7207) FLEX_SENSOR: Flex1 Value: 3861[0m
[0;32mI (7307) FLEX_SENSOR: Flex1 Value: 3845[0m
[0;32mI (7407) FLEX_SENSOR: Flex1 Value: 3919[0m
[0;32mI (7507) FLEX_SENSOR: Flex1 Value: 3938[0m
[0;32mI (7607) FLEX_SENSOR: Flex1 Value: 3958[0m
[0;32mI (7707) FLEX_SENSOR: Flex1 Value: 3937[0m
[0;32mI (7907) FLEX_SENSOR: Flex1 Value: 3987[0m
[0;32mI (8007) FLEX_SENSOR: Flex1 Value: 3999[0m
[0;32mI (8207) FLEX_SENSOR: Flex1 Value: 4043[0m
[0;32mI (8507) FLEX_SENSOR: Flex1 Value: 3998[0m
[0;32mI (8607) FLEX_SENSOR: Flex1 Value: 4061[0m
[0;32mI (8707) FLEX_SENSOR: Flex1 Value: 4072[0m
[0;32mI (8807) FLEX_SENSOR: Flex1 Value: 4087[0m
[0;32mI (9007) FLEX_SENSOR: Flex1 Value: 4076[0m
[0;32mI (9107) FLEX_SENSOR: Flex1 Value: 4089[0m
[0;32mI (10107) FLEX_SENSOR: Flex1 Value: 4077[0m
[0;32mI (10407) FLEX_SENSOR: Flex1 Value: 4095[0m
[0;32mI (15507) FLEX_SENSOR: Flex1 Value: 4080[0m
[0;32mI (15707) FLEX_SENSOR: Flex1 Value: 4050[0m
[0;32mI (15807) FLEX_SENSOR: Flex1 Value: 4011[0m
[0;32mI (15907) FLEX_SENSOR: Flex1 Value: 4040[0m
[0;32mI (16007) FLEX_SENSOR: Flex1 Value: 4072[0m
[0;32mI (16107) FLEX_SENSOR: Flex1 Value: 4035[0m
[0;32mI (16307) FLEX_SENSOR: Flex1 Value: 4057[0m
[0;32mI (16507) FLEX_SENSOR: Flex1 Value: 4002[0m
[0;32mI (16607) FLEX_SENSOR: Flex1 Value: 4043[0m
[0;32mI (16707) FLEX_SENSOR: Flex1 Value: 3949[0m
[0;32mI (16807) FLEX_SENSOR: Flex1 Value: 3861[0m
[0;32mI (16907) FLEX_SENSOR: Flex1 Value: 3995[0m
[0;32mI (17007) FLEX_SENSOR: Flex1 Value: 3970[0m
[0;32mI (17107) FLEX_SENSOR: Flex1 Value: 3931[0m
[0;32mI (17307) FLEX_SENSOR: Flex1 Value: 3906[0m
[0;32mI (17407) FLEX_SENSOR: Flex1 Value: 3845[0m
[0;32mI (17507) FLEX_SENSOR: Flex1 Value: 3902[0m
[0;32mI (17607) FLEX_SENSOR: Flex1 Value: 3760[0m
[0;32mI (17707) FLEX_SENSOR: Flex1 Value: 3732[0m
[0;32mI (17907) FLEX_SENSOR: Flex1 Value: 3547[0m
[0;32mI (18007) FLEX_SENSOR: Flex1 Value: 3491[0m
[0;32mI (18107) FLEX_SENSOR: Flex1 Value: 3324[0m
[0;32mI (18207) FLEX_SENSOR: Flex1 Value: 3312[0m
[0;32mI (18307) FLEX_SENSOR: Flex1 Value: 3287[0m
[0;32mI (18407) FLEX_SENSOR: Flex1 Value: 3247[0m
[0;32mI (18507) FLEX_SENSOR: Flex1 Value: 2971[0m
[0;32mI (18607) FLEX_SENSOR: Flex1 Value: 2856[0m
[0;32mI (18707) FLEX_SENSOR: Flex1 Value: 2758[0m
[0;32mI (18807) FLEX_SENSOR: Flex1 Value: 2482[0m
[0;32mI (18907) FLEX_SENSOR: Flex1 Value: 2675[0m
[0;32mI (19007) FLEX_SENSOR: Flex1 Value: 2396[0m
[0;32mI (19107) FLEX_SENSOR: Flex1 Value: 2462[0m
[0;32mI (19207) FLEX_SENSOR: Flex1 Value: 2389[0m
[0;32mI (19307) FLEX_SENSOR: Flex1 Value: 2203[0m
[0;32mI (19407) FLEX_SENSOR: Flex1 Value: 1973[0m
[0;32mI (19507) FLEX_SENSOR: Flex1 Value: 1843[0m
[0;32mI (19607) FLEX_SENSOR: Flex1 Value: 1809[0m
[0;32mI (19707) FLEX_SENSOR: Flex1 Value: 1836[0m
[0;32mI (19807) FLEX_SENSOR: Flex1 Value: 1625[0m
[0;32mI (19907) FLEX_SENSOR: Flex1 Value: 1500[0m
[0;32mI (20007) FLEX_SENSOR: Flex1 Value: 1086[0m
[0;32mI (20107) FLEX_SENSOR: Flex1 Value: 1319[0m
[0;32mI (20207) FLEX_SENSOR: Flex1 Value: 1152[0m
[0;32mI (20407) FLEX_SENSOR: Flex1 Value: 1026[0m
[0;32mI (20507) FLEX_SENSOR: Flex1 Value: 862[0m
[0;32mI (20607) FLEX_SENSOR: Flex1 Value: 803[0m
[0;32mI (20707) FLEX_SENSOR: Flex1 Value: 624[0m
[0;32mI (20807) FLEX_SENSOR: Flex1 Value: 603[0m
[0;32mI (20907) FLEX_SENSOR: Flex1 Value: 484[0m
[0;32mI (21007) FLEX_SENSOR: Flex1 Value: 449[0m
[0;32mI (21107) FLEX_SENSOR: Flex1 Value: 317[0m
[0;32mI (21207) FLEX_SENSOR: Flex1 Value: 259[0m
[0;32mI (21307) FLEX_SENSOR: Flex1 Value: 229[0m
[0;32mI (21407) FLEX_SENSOR: Flex1 Value: 186[0m
[0;32mI (21507) FLEX_SENSOR: Flex1 Value: 153[0m
[0;32mI (21707) FLEX_SENSOR: Flex1 Value: 82[0m
[0;32mI (21807) FLEX_SENSOR: Flex1 Value: 117[0m
[0;32mI (21907) FLEX_SENSOR: Flex1 Value: 67[0m
[0;32mI (22107) FLEX_SENSOR: Flex1 Value: 41[0m
