Command: /home/bhavesh/.espressif/python_env/idf5.5_py3.10_env/bin/python /home/bhavesh/esp/esp-idf/tools/idf_monitor.py -p /dev/ttyUSB0 -b 115200 --toolchain-prefix xtensa-esp32-elf- --target esp32 --revision 0 /home/bhavesh/Talk-To-My-Hand/build/SignSpeak.elf /home/bhavesh/Talk-To-My-Hand/build/bootloader/bootloader.elf -m '/home/bhavesh/.espressif/python_env/idf5.5_py3.10_env/bin/python' '/home/bhavesh/esp/esp-idf/tools/idf.py' '-p' '/dev/ttyUSB0'
[0;32mI (171) boot: Loaded app from partition at offset 0x10000[0m
I (171ï¿½ets Jun  8 2016 00:22:57

rst:0x1 (POWERON_RESET),boot:0x13 (SPI_FAST_FLASH_BOOT)
configsip: 0, SPIWP:0xee
clk_drv:0x00,q_drv:0x00,d_drv:0x00,cs0_drv:0x00,hd_drv:0x00,wp_drv:0x00
mode:DIO, clock div:2
load:0x3fff0030,len:6368
load:0x40078000,len:15880
load:0x40080400,len:3860
entry 0x40080638
[0;32mI (27) boot: ESP-IDF v5.5-dev-2657-g23c73cdc37 2nd stage bootloader[0m
[0;32mI (27) boot: compile time Apr  6 2025 17:37:33[0m
[0;32mI (27) boot: Multicore bootloader[0m
[0;32mI (30) boot: chip revision: v1.0[0m
[0;32mI (33) boot.esp32: SPI Speed      : 40MHz[0m
[0;32mI (36) boot.esp32: SPI Mode       : DIO[0m
[0;32mI (40) boot.esp32: SPI Flash Size : 2MB[0m
[0;32mI (44) boot: Enabling RNG early entropy source...[0m
[0;32mI (48) boot: Partition Table:[0m
[0;32mI (51) boot: ## Label            Usage          Type ST Offset   Length[0m
[0;32mI (57) boot:  0 nvs              WiFi data        01 02 00009000 00006000[0m
[0;32mI (64) boot:  1 phy_init         RF data          01 01 0000f000 00001000[0m
[0;32mI (70) boot:  2 factory          factory app      00 00 00010000 00100000[0m
[0;32mI (77) boot: End of partition table[0m
[0;32mI (80) esp_image: segment 0: paddr=00010020 vaddr=3f400020 size=0a308h ( 41736) map[0m
[0;32mI (102) esp_image: segment 1: paddr=0001a330 vaddr=3ff80000 size=0001ch (    28) load[0m
[0;32mI (102) esp_image: segment 2: paddr=0001a354 vaddr=3ffb0000 size=02384h (  9092) load[0m
[0;32mI (109) esp_image: segment 3: paddr=0001c6e0 vaddr=40080000 size=03938h ( 14648) load[0m
[0;32mI (119) esp_image: segment 4: paddr=00020020 vaddr=400d0020 size=14ac8h ( 84680) map[0m
[0;32mI (150) esp_image: segment 5: paddr=00034af0 vaddr=40083938 size=09338h ( 37688) load[0m
[0;32mI (171) boot: Loaded app from partition at offset 0x10000[0m
[0;32mI (171) boot: Disabling RNG early entropy source...[0m
[0;32mI (181) cpu_start: Multicore app[0m
[0;32mI (190) cpu_start: Pro cpu start user code[0m
[0;32mI (190) cpu_start: cpu freq: 160000000 Hz[0m
[0;32mI (190) app_init: Application information:[0m
[0;32mI (193) app_init: Project name:     SignSpeak[0m
[0;32mI (198) app_init: App version:      81ea904-dirty[0m
[0;32mI (203) app_init: Compile time:     Apr  6 2025 17:37:20[0m
[0;32mI (209) app_init: ELF file SHA256:  8e0f28bbde118c7c...[0m
[0;32mI (215) app_init: ESP-IDF:          v5.5-dev-2657-g23c73cdc37[0m
[0;32mI (221) efuse_init: Min chip rev:     v0.0[0m
[0;32mI (226) efuse_init: Max chip rev:     v3.99 [0m
[0;32mI (231) efuse_init: Chip rev:         v1.0[0m
[0;32mI (236) heap_init: Initializing. RAM available for dynamic allocation:[0m
[0;32mI (243) heap_init: At 3FFAE6E0 len 00001920 (6 KiB): DRAM[0m
[0;32mI (249) heap_init: At 3FFB2C78 len 0002D388 (180 KiB): DRAM[0m
[0;32mI (255) heap_init: At 3FFE0440 len 00003AE0 (14 KiB): D/IRAM[0m
[0;32mI (262) heap_init: At 3FFE4350 len 0001BCB0 (111 KiB): D/IRAM[0m
[0;32mI (268) heap_init: At 4008CC70 len 00013390 (76 KiB): IRAM[0m
[0;32mI (276) spi_flash: detected chip: generic[0m
[0;32mI (279) spi_flash: flash io: dio[0m
[0;33mW (283) spi_flash: Detected size(4096k) larger than the size in the binary image header(2048k). Using the size in the binary image header.[0m
[0;32mI (297) main_task: Started on CPU0[0m
[0;32mI (307) main_task: Calling app_main()[0m
[0;32mI (307) FLEX_SENSOR: Starting Flex Sensor Test on GPIO33...[0m
[0;32mI (307) FLEX_SENSOR: Flex1 Value: 0[0m
[0;32mI (2407) FLEX_SENSOR: Flex1 Value: 1535[0m
[0;32mI (2507) FLEX_SENSOR: Flex1 Value: 1521[0m
[0;32mI (2607) FLEX_SENSOR: Flex1 Value: 1500[0m
[0;32mI (2807) FLEX_SENSOR: Flex1 Value: 1487[0m
[0;32mI (3907) FLEX_SENSOR: Flex1 Value: 1473[0m
[0;32mI (4507) FLEX_SENSOR: Flex1 Value: 1461[0m
[0;32mI (5207) FLEX_SENSOR: Flex1 Value: 1448[0m
[0;32mI (5707) FLEX_SENSOR: Flex1 Value: 1460[0m
[0;32mI (6307) FLEX_SENSOR: Flex1 Value: 1471[0m
[0;32mI (7307) FLEX_SENSOR: Flex1 Value: 1453[0m
[0;32mI (7507) FLEX_SENSOR: Flex1 Value: 1439[0m
[0;32mI (7707) FLEX_SENSOR: Flex1 Value: 1426[0m
[0;32mI (8807) FLEX_SENSOR: Flex1 Value: 1415[0m
[0;32mI (9407) FLEX_SENSOR: Flex1 Value: 1403[0m
[0;32mI (10907) FLEX_SENSOR: Flex1 Value: 1392[0m
[0;32mI (14007) FLEX_SENSOR: Flex1 Value: 1376[0m
[0;32mI (14107) FLEX_SENSOR: Flex1 Value: 1361[0m
[0;32mI (14307) FLEX_SENSOR: Flex1 Value: 1348[0m
[0;32mI (15107) FLEX_SENSOR: Flex1 Value: 1337[0m
[0;32mI (17207) FLEX_SENSOR: Flex1 Value: 1326[0m
[0;32mI (18307) FLEX_SENSOR: Flex1 Value: 1347[0m
[0;32mI (18407) FLEX_SENSOR: Flex1 Value: 1370[0m
[0;32mI (18507) FLEX_SENSOR: Flex1 Value: 1406[0m
[0;32mI (18607) FLEX_SENSOR: Flex1 Value: 1430[0m
[0;32mI (18707) FLEX_SENSOR: Flex1 Value: 1458[0m
[0;32mI (18807) FLEX_SENSOR: Flex1 Value: 1473[0m
[0;32mI (18907) FLEX_SENSOR: Flex1 Value: 1487[0m
[0;32mI (19107) FLEX_SENSOR: Flex1 Value: 1504[0m
[0;32mI (19307) FLEX_SENSOR: Flex1 Value: 1519[0m
[0;32mI (19407) FLEX_SENSOR: Flex1 Value: 0[0m
[0;32mI (20007) FLEX_SENSOR: Flex1 Value: 1515[0m
[0;32mI (20307) FLEX_SENSOR: Flex1 Value: 0[0m
[0;32mI (21107) FLEX_SENSOR: Flex1 Value: 1518[0m
[0;32mI (21707) FLEX_SENSOR: Flex1 Value: 1504[0m
[0;32mI (21807) FLEX_SENSOR: Flex1 Value: 1488[0m
[0;32mI (21907) FLEX_SENSOR: Flex1 Value: 1473[0m
[0;32mI (22007) FLEX_SENSOR: Flex1 Value: 1485[0m
[0;32mI (22307) FLEX_SENSOR: Flex1 Value: 1474[0m
[0;32mI (22707) FLEX_SENSOR: Flex1 Value: 1499[0m
[0;32mI (22807) FLEX_SENSOR: Flex1 Value: 1513[0m
[0;32mI (23607) FLEX_SENSOR: Flex1 Value: 0[0m
[0;32mI (23907) FLEX_SENSOR: Flex1 Value: 1519[0m
[0;32mI (24007) FLEX_SENSOR: Flex1 Value: 0[0m
[0;32mI (24607) FLEX_SENSOR: Flex1 Value: 1518[0m
[0;32mI (25307) FLEX_SENSOR: Flex1 Value: 0[0m
[0;32mI (25407) FLEX_SENSOR: Flex1 Value: 1521[0m
[0;32mI (25707) FLEX_SENSOR: Flex1 Value: 1507[0m
[0;32mI (25807) FLEX_SENSOR: Flex1 Value: 0[0m
[0;32mI (25907) FLEX_SENSOR: Flex1 Value: 1518[0m
