[0;32mI (126) esp_image: segment 3: paddr=0001be64 vaddr=40080000 size=041b4h ( 16820) load[0m[0m
[0;32mI (138) eï¿½ets Jun  8 2016 00:22:57

rst:0x1 (POWERON_RESET),boot:0x13 (SPI_FAST_FLASH_BOOT)
configsip: 0, SPIWP:0xee
clk_drv:0x00,q_drv:0x00,d_drv:0x00,cs0_drv:0x00,hd_drv:0x00,wp_drv:0x00
mode:DIO, clock div:2
load:0x3fff0030,len:7172
load:0x40078000,len:15620
load:0x40080400,len:4
ho 8 tail 4 room 4
load:0x40080404,len:3904
entry 0x40080640
[0;32mI (31) boot: ESP-IDF v5.2.5 2nd stage bootloader[0m
[0;32mI (31) boot: compile time Mar 22 2025 14:03:01[0m
[0;32mI (31) boot: Multicore bootloader[0m
[0;32mI (35) boot: chip revision: v1.0[0m
[0;32mI (39) boot.esp32: SPI Speed      : 40MHz[0m
[0;32mI (43) boot.esp32: SPI Mode       : DIO[0m
[0;32mI (48) boot.esp32: SPI Flash Size : 2MB[0m
[0;32mI (52) boot: Enabling RNG early entropy source...[0m
[0;32mI (58) boot: Partition Table:[0m
[0;32mI (61) boot: ## Label            Usage          Type ST Offset   Length[0m
[0;32mI (69) boot:  0 nvs              WiFi data        01 02 00009000 00006000[0m
[0;32mI (76) boot:  1 phy_init         RF data          01 01 0000f000 00001000[0m
[0;32mI (83) boot:  2 factory          factory app      00 00 00010000 00100000[0m
[0;32mI (91) boot: End of partition table[0m
[0;32mI (95) esp_image: segment 0: paddr=00010020 vaddr=3f400020 size=09bfch ( 39932) map[0m
[0;32mI (117) esp_image: segment 1: paddr=00019c24 vaddr=3ff80000 size=00004h (     4) load[0m
[0;32mI (118) esp_image: segment 2: paddr=00019c30 vaddr=3ffb0000 size=0222ch (  8748) load[0m
[0;32mI (126) esp_image: segment 3: paddr=0001be64 vaddr=40080000 size=041b4h ( 16820) load[0m
[0;32mI (138) esp_image: segment 4: paddr=00020020 vaddr=400d0020 size=14a38h ( 84536) map[0m
[0;32mI (169) esp_image: segment 5: paddr=00034a60 vaddr=400841b4 size=084b4h ( 33972) load[0m
[0;32mI (189) boot: Loaded app from partition at offset 0x10000[0m
[0;32mI (189) boot: Disabling RNG early entropy source...[0m
[0;32mI (200) cpu_start: Multicore app[0m
[0;32mI (210) cpu_start: Pro cpu start user code[0m
[0;32mI (210) cpu_start: cpu freq: 160000000 Hz[0m
[0;32mI (210) cpu_start: Application information:[0m
[0;32mI (213) cpu_start: Project name:     SignSpeak[0m
[0;32mI (218) cpu_start: App version:      1f3e926-dirty[0m
[0;32mI (223) cpu_start: Compile time:     Mar 22 2025 18:15:07[0m
[0;32mI (229) cpu_start: ELF file SHA256:  84316d98b3c86cf7...[0m
[0;32mI (235) cpu_start: ESP-IDF:          v5.2.5[0m
[0;32mI (240) cpu_start: Min chip rev:     v0.0[0m
[0;32mI (245) cpu_start: Max chip rev:     v3.99 [0m
[0;32mI (250) cpu_start: Chip rev:         v1.0[0m
[0;32mI (255) heap_init: Initializing. RAM available for dynamic allocation:[0m
[0;32mI (262) heap_init: At 3FFAE6E0 len 00001920 (6 KiB): DRAM[0m
[0;32mI (268) heap_init: At 3FFB2B40 len 0002D4C0 (181 KiB): DRAM[0m
[0;32mI (274) heap_init: At 3FFE0440 len 00003AE0 (14 KiB): D/IRAM[0m
[0;32mI (280) heap_init: At 3FFE4350 len 0001BCB0 (111 KiB): D/IRAM[0m
[0;32mI (287) heap_init: At 4008C668 len 00013998 (78 KiB): IRAM[0m
[0;32mI (294) spi_flash: detected chip: generic[0m
[0;32mI (298) spi_flash: flash io: dio[0m
[0;33mW (302) spi_flash: Detected size(4096k) larger than the size in the binary image header(2048k). Using the size in the binary image header.[0m
[0;32mI (315) main_task: Started on CPU0[0m
[0;32mI (325) main_task: Calling app_main()[0m
[0;32mI (575) FLEX_SENSOR: Flex1 Value: 1526[0m
[0;32mI (575) FLEX_SENSOR: Flex2 Value: 1520[0m
[0;32mI (575) FLEX_SENSOR: Flex3 Value: 1307[0m
[0;32mI (575) FLEX_SENSOR: Flex4 Value: 1592[0m
[0;32mI (575) FLEX_SENSOR: Flex5 Value: 1464[0m
[0;32mI (585) FLEX_SENSOR: Flex1 Value: 1526[0m
[0;32mI (585) FLEX_SENSOR: Flex2 Value: 1520[0m
[0;32mI (595) FLEX_SENSOR: Flex3 Value: 1307[0m
[0;32mI (595) FLEX_SENSOR: Flex4 Value: 1592[0m
[0;32mI (595) FLEX_SENSOR: Flex5 Value: 1464[0m
[0;32mI (605) FLEX_SENSOR: Flex1 Value: 1526[0m
[0;32mI (605) FLEX_SENSOR: Flex2 Value: 1520[0m
[0;32mI (615) FLEX_SENSOR: Flex3 Value: 1307[0m
[0;32mI (615) FLEX_SENSOR: Flex4 Value: 1592[0m
[0;32mI (625) FLEX_SENSOR: Flex5 Value: 1464[0m
[0;32mI (625) FLEX_SENSOR: Flex1 Value: 1526[0m
[0;32mI (625) FLEX_SENSOR: Flex2 Value: 1520[0m
[0;32mI (635) FLEX_SENSOR: Flex3 Value: 1307[0m
[0;32mI (635) FLEX_SENSOR: Flex4 Value: 1592[0m
[0;32mI (645) FLEX_SENSOR: Flex5 Value: 1464[0m
[0;32mI (645) FLEX_SENSOR: Flex1 Value: 1526[0m
[0;32mI (655) FLEX_SENSOR: Flex2 Value: 1520[0m
[0;32mI (655) FLEX_SENSOR: Flex3 Value: 1307[0m
[0;32mI (665) FLEX_SENSOR: Flex4 Value: 1592[0m
[0;32mI (665) FLEX_SENSOR: Flex5 Value: 1464[0m
[0;32mI (6615) FLEX_SENSOR: Flex1 Value: 1525[0m
[0;32mI (6615) FLEX_SENSOR: Flex2 Value: 1519[0m
[0;32mI (6615) FLEX_SENSOR: Flex3 Value: 1306[0m
[0;32mI (6615) FLEX_SENSOR: Flex4 Value: 1589[0m
[0;32mI (6615) FLEX_SENSOR: Flex5 Value: 1447[0m
[0;32mI (6975) FLEX_SENSOR: Flex1 Value: 1528[0m
[0;32mI (6975) FLEX_SENSOR: Flex2 Value: 1519[0m
[0;32mI (6975) FLEX_SENSOR: Flex3 Value: 1308[0m
[0;32mI (6975) FLEX_SENSOR: Flex4 Value: 1589[0m
[0;32mI (6975) FLEX_SENSOR: Flex5 Value: 1465[0m
[0;32mI (9085) FLEX_SENSOR: Flex1 Value: 1529[0m
[0;32mI (9085) FLEX_SENSOR: Flex2 Value: 1520[0m
[0;32mI (9085) FLEX_SENSOR: Flex3 Value: 1306[0m
[0;32mI (9085) FLEX_SENSOR: Flex4 Value: 1593[0m
[0;32mI (9085) FLEX_SENSOR: Flex5 Value: 1454[0m
[0;32mI (9445) FLEX_SENSOR: Flex1 Value: 1527[0m
[0;32mI (9445) FLEX_SENSOR: Flex2 Value: 1521[0m
[0;32mI (9445) FLEX_SENSOR: Flex3 Value: 1305[0m
[0;32mI (9445) FLEX_SENSOR: Flex4 Value: 1592[0m
[0;32mI (9445) FLEX_SENSOR: Flex5 Value: 4095[0m
[0;32mI (11205) FLEX_SENSOR: Flex1 Value: 1537[0m
[0;32mI (11205) FLEX_SENSOR: Flex2 Value: 1520[0m
[0;32mI (11205) FLEX_SENSOR: Flex3 Value: 1308[0m
[0;32mI (11205) FLEX_SENSOR: Flex4 Value: 1590[0m
[0;32mI (11205) FLEX_SENSOR: Flex5 Value: 1455[0m
[0;32mI (11215) FLEX_SENSOR: Flex1 Value: 1537[0m
[0;32mI (11215) FLEX_SENSOR: Flex2 Value: 1520[0m
[0;32mI (11225) FLEX_SENSOR: Flex3 Value: 1308[0m
[0;32mI (11225) FLEX_SENSOR: Flex4 Value: 1590[0m
[0;32mI (11235) FLEX_SENSOR: Flex5 Value: 1455[0m
[0;32mI (12285) FLEX_SENSOR: Flex1 Value: 1525[0m
[0;32mI (12285) FLEX_SENSOR: Flex2 Value: 1519[0m
[0;32mI (12285) FLEX_SENSOR: Flex3 Value: 1305[0m
[0;32mI (12285) FLEX_SENSOR: Flex4 Value: 1590[0m
[0;32mI (12285) FLEX_SENSOR: Flex5 Value: 1455[0m
