Command: /home/bhavesh/.espressif/python_env/idf5.5_py3.10_env/bin/python /home/bhavesh/esp/esp-idf/tools/idf_monitor.py -p /dev/ttyUSB0 -b 115200 --toolchain-prefix xtensa-esp32-elf- --target esp32 --revision 0 /home/bhavesh/Talk-To-My-Hand/build/SignSpeak.elf /home/bhavesh/Talk-To-My-Hand/build/bootloader/bootloader.elf -m '/home/bhavesh/.espressif/python_env/idf5.5_py3.10_env/bin/python' '/home/bhavesh/esp/esp-idf/tools/idf.py' '-p' '/dev/ttyUSB0'
[0;32mI (152) esp_image: segment 5: paddr=00035ed0 vaddr=40082b58 size=0b12ï¿½ets Jun  8 2016 00:22:57[0m

rst:0x1 (POWERON_RESET),boot:0x13 (SPI_FAST_FLASH_BOOT)
configsip: 0, SPIWP:0xee
clk_drv:0x00,q_drv:0x00,d_drv:0x00,cs0_drv:0x00,hd_drv:0x00,wp_drv:0x00
mode:DIO, clock div:2
load:0x3fff0030,len:6368
load:0x40078000,len:15880
load:0x40080400,len:3860
entry 0x40080638
[0;32mI (27) boot: ESP-IDF v5.5-dev-2657-g23c73cdc37 2nd stage bootloader[0m
[0;32mI (27) boot: compile time Mar 25 2025 17:12:14[0m
[0;32mI (27) boot: Multicore bootloader[0m
[0;32mI (30) boot: chip revision: v1.0[0m
[0;32mI (33) boot.esp32: SPI Speed      : 40MHz[0m
[0;32mI (36) boot.esp32: SPI Mode       : DIO[0m
[0;32mI (40) boot.esp32: SPI Flash Size : 2MB[0m
[0;32mI (44) boot: Enabling RNG early entropy source...[0m
[0;32mI (48) boot: Partition Table:[0m
[0;32mI (51) boot: ## Label            Usage          Type ST Offset   Length[0m
[0;32mI (57) boot:  0 nvs              WiFi data        01 02 00009000 00006000[0m
[0;32mI (63) boot:  1 phy_init         RF data          01 01 0000f000 00001000[0m
[0;32mI (70) boot:  2 factory          factory app      00 00 00010000 00100000[0m
[0;32mI (77) boot: End of partition table[0m
[0;32mI (80) esp_image: segment 0: paddr=00010020 vaddr=3f400020 size=0b0e8h ( 45288) map[0m
[0;32mI (103) esp_image: segment 1: paddr=0001b110 vaddr=3ff80000 size=0001ch (    28) load[0m
[0;32mI (103) esp_image: segment 2: paddr=0001b134 vaddr=3ffb0000 size=02384h (  9092) load[0m
[0;32mI (110) esp_image: segment 3: paddr=0001d4c0 vaddr=40080000 size=02b58h ( 11096) load[0m
[0;32mI (119) esp_image: segment 4: paddr=00020020 vaddr=400d0020 size=15ea8h ( 89768) map[0m
[0;32mI (152) esp_image: segment 5: paddr=00035ed0 vaddr=40082b58 size=0b128h ( 45352) load[0m
[0;32mI (177) boot: Loaded app from partition at offset 0x10000[0m
[0;32mI (177) boot: Disabling RNG early entropy source...[0m
[0;32mI (188) cpu_start: Multicore app[0m
[0;32mI (196) cpu_start: Pro cpu start user code[0m
[0;32mI (196) cpu_start: cpu freq: 160000000 Hz[0m
[0;32mI (196) app_init: Application information:[0m
[0;32mI (199) app_init: Project name:     SignSpeak[0m
[0;32mI (204) app_init: App version:      b8ff87a-dirty[0m
[0;32mI (209) app_init: Compile time:     Apr  1 2025 16:09:36[0m
[0;32mI (215) app_init: ELF file SHA256:  3555d762f75f214e...[0m
[0;32mI (221) app_init: ESP-IDF:          v5.5-dev-2657-g23c73cdc37[0m
[0;32mI (228) efuse_init: Min chip rev:     v0.0[0m
[0;32mI (232) efuse_init: Max chip rev:     v3.99 [0m
[0;32mI (237) efuse_init: Chip rev:         v1.0[0m
[0;32mI (242) heap_init: Initializing. RAM available for dynamic allocation:[0m
[0;32mI (250) heap_init: At 3FFAE6E0 len 00001920 (6 KiB): DRAM[0m
[0;32mI (255) heap_init: At 3FFB2C50 len 0002D3B0 (180 KiB): DRAM[0m
[0;32mI (262) heap_init: At 3FFE0440 len 00003AE0 (14 KiB): D/IRAM[0m
[0;32mI (268) heap_init: At 3FFE4350 len 0001BCB0 (111 KiB): D/IRAM[0m
[0;32mI (274) heap_init: At 4008DC80 len 00012380 (72 KiB): IRAM[0m
[0;32mI (282) spi_flash: detected chip: generic[0m
[0;32mI (285) spi_flash: flash io: dio[0m
[0;33mW (289) spi_flash: Detected size(4096k) larger than the size in the binary image header(2048k). Using the size in the binary image header.[0m
[0;32mI (303) main_task: Started on CPU0[0m
[0;32mI (313) main_task: Calling app_main()[0m
[0;32mI (313) DFPLAYER: Starting DFPlayer test on UART2...[0m
[0;32mI (3313) DFPLAYER: Sending cmd: 0x06, param: 30[0m
[0;32mI (4113) DFPLAYER: Received 32 bytes:[0m
0x7E 0xFF 0x06 0x06 0x01 0x00 0x1E 0xFE 0xD6 0xFF 0xFF 0xFF 0xFF 0xFF 0xFF 0xFF 0xFF 0xE0 0xFF 0xFF 0xFF 0xFF 0xFE 0xFF 0xFC 0xFF 0xFF 0x7F 0xFF 0xFF 0xFD 0xFF 
[0;32mI (5113) DFPLAYER: Attempting to play 0001.mp3[0m
[0;32mI (5113) DFPLAYER: Sending cmd: 0x03, param: 1[0m
[0;32mI (5943) DFPLAYER: Received 32 bytes:[0m
0x7E 0xFF 0x06 0x03 0x00 0x00 0x01 0xFE 0xF6 0xFF 0xFF 0xFC 0xFF 0xFF 0xFF 0xFF 0xF8 0xFF 0xFF 0xFF 0xF8 0xF8 0xFF 0xDF 0xFF 0xFF 0xFF 0xF0 0xFF 0xFF 0xFF 0xFF 
[0;32mI (5953) DFPLAYER: Sending cmd: 0x03, param: 1[0m
[0;32mI (6893) DFPLAYER: Received 32 bytes:[0m
0x7E 0xFF 0x06 0xA0 0x00 0x01 0xFE 0xF6 0xEF 0xFE 0xFF 0xFF 0xF7 0xFF 0xFF 0xF8 0xCF 0xFF 0xFC 0xFF 0xFF 0xF2 0xFF 0xFF 0xFE 0xFF 0xC0 0xFF 0xFF 0xFF 0x7F 0xF8 
[0;32mI (11903) DFPLAYER: Sending cmd: 0x03, param: 1[0m
[0;32mI (12793) DFPLAYER: Received 32 bytes:[0m
0x7E 0xFF 0x06 0x63 0x4E 0xC0 0x40 0xF6 0xD8 0xF2 0xFF 0xF0 0xFF 0xFF 0xF5 0xFF 0xF8 0xFF 0xFF 0xE2 0xFF 0xFF 0xF8 0xFF 0xFF 0xFE 0xFE 0xF2 0xFF 0xF8 0xFF 0xFE 
[0;32mI (17803) DFPLAYER: Sending cmd: 0x03, param: 1[0m
[0;32mI (18613) DFPLAYER: Received 32 bytes:[0m
0x7E 0xFF 0x06 0x03 0x01 0x00 0x01 0xFE 0xFE 0xEF 0xF2 0xFF 0xFF 0xFC 0xF8 0xFF 0xFF 0xFF 0x7F 0xFF 0xFF 0xFD 0xFF 0xFF 0xFF 0xFF 0xFF 0xFF 0xFF 0xE1 0xFF 0xFF 
[0;32mI (23623) DFPLAYER: Sending cmd: 0x03, param: 1[0m
[0;32mI (24303) DFPLAYER: Received 32 bytes:[0m
0x7E 0xFF 0x06 0x03 0x01 0x00 0x01 0xFE 0xF6 0xEF 0xFE 0xFF 0xFF 0xF0 0xFF 0x3F 0xFF 0xF7 0xFF 0xFF 0xFB 0xFF 0xF1 0xFF 0xFF 0xFF 0xFF 0xF8 0xFF 0xF7 0xF8 0xFF 
