Command: /home/bhavesh/.espressif/python_env/idf5.5_py3.10_env/bin/python /home/bhavesh/esp/esp-idf/tools/idf_monitor.py -p /dev/ttyUSB0 -b 115200 --toolchain-prefix xtensa-esp32-elf- --target esp32 --revision 0 /home/bhavesh/Talk-To-My-Hand/build/SignSpeak.elf /home/bhavesh/Talk-To-My-Hand/build/bootloader/bootloader.elf -m '/home/bhavesh/.espressif/python_env/idf5.5_py3.10_env/bin/python' '/home/bhavesh/esp/esp-idf/tools/idf.py' '-p' '/dev/ttyUSB0'
[0;32mI (159) esp_image: segment ï¿½ets Jun  8 2016 00:22:57[0m

rst:0x1 (POWERON_RESET),boot:0x13 (SPI_FAST_FLASH_BOOT)
configsip: 0, SPIWP:0xee
clk_drv:0x00,q_drv:0x00,d_drv:0x00,cs0_drv:0x00,hd_drv:0x00,wp_drv:0x00
mode:DIO, clock div:2
load:0x3fff0030,len:6368
load:0x40078000,len:15880
load:0x40080400,len:3860
entry 0x40080638
[0;32mI (27) boot: ESP-IDF v5.5-dev-2657-g23c73cdc37 2nd stage bootloader[0m
[0;32mI (27) boot: compile time Apr 11 2025 18:03:56[0m
[0;32mI (27) boot: Multicore bootloader[0m
[0;32mI (30) boot: chip revision: v1.0[0m
[0;32mI (33) boot.esp32: SPI Speed      : 40MHz[0m
[0;32mI (36) boot.esp32: SPI Mode       : DIO[0m
[0;32mI (40) boot.esp32: SPI Flash Size : 2MB[0m
[0;32mI (43) boot: Enabling RNG early entropy source...[0m
[0;32mI (48) boot: Partition Table:[0m
[0;32mI (51) boot: ## Label            Usage          Type ST Offset   Length[0m
[0;32mI (57) boot:  0 nvs              WiFi data        01 02 00009000 00006000[0m
[0;32mI (63) boot:  1 phy_init         RF data          01 01 0000f000 00001000[0m
[0;32mI (70) boot:  2 factory          factory app      00 00 00010000 00100000[0m
[0;32mI (76) boot: End of partition table[0m
[0;32mI (80) esp_image: segment 0: paddr=00010020 vaddr=3f400020 size=0c46ch ( 50284) map[0m
[0;32mI (104) esp_image: segment 1: paddr=0001c494 vaddr=3ff80000 size=0001ch (    28) load[0m
[0;32mI (105) esp_image: segment 2: paddr=0001c4b8 vaddr=3ffb0000 size=023b4h (  9140) load[0m
[0;32mI (112) esp_image: segment 3: paddr=0001e874 vaddr=40080000 size=017a4h (  6052) load[0m
[0;32mI (118) esp_image: segment 4: paddr=00020020 vaddr=400d0020 size=19828h (104488) map[0m
[0;32mI (159) esp_image: segment 5: paddr=00039850 vaddr=400817a4 size=0ccbch ( 52412) load[0m
[0;32mI (187) boot: Loaded app from partition at offset 0x10000[0m
[0;32mI (187) boot: Disabling RNG early entropy source...[0m
[0;32mI (197) cpu_start: Multicore app[0m
[0;32mI (206) cpu_start: Pro cpu start user code[0m
[0;32mI (206) cpu_start: cpu freq: 160000000 Hz[0m
[0;32mI (206) app_init: Application information:[0m
[0;32mI (209) app_init: Project name:     SignSpeak[0m
[0;32mI (214) app_init: App version:      9b8ef92-dirty[0m
[0;32mI (219) app_init: Compile time:     Apr 11 2025 18:03:46[0m
[0;32mI (225) app_init: ELF file SHA256:  24e1a6c90c5da6b1...[0m
[0;32mI (231) app_init: ESP-IDF:          v5.5-dev-2657-g23c73cdc37[0m
[0;32mI (237) efuse_init: Min chip rev:     v0.0[0m
[0;32mI (242) efuse_init: Max chip rev:     v3.99 [0m
[0;32mI (247) efuse_init: Chip rev:         v1.0[0m
[0;32mI (252) heap_init: Initializing. RAM available for dynamic allocation:[0m
[0;32mI (259) heap_init: At 3FFAE6E0 len 00001920 (6 KiB): DRAM[0m
[0;32mI (265) heap_init: At 3FFB2CD0 len 0002D330 (180 KiB): DRAM[0m
[0;32mI (271) heap_init: At 3FFE0440 len 00003AE0 (14 KiB): D/IRAM[0m
[0;32mI (278) heap_init: At 3FFE4350 len 0001BCB0 (111 KiB): D/IRAM[0m
[0;32mI (284) heap_init: At 4008E460 len 00011BA0 (70 KiB): IRAM[0m
[0;32mI (292) spi_flash: detected chip: generic[0m
[0;32mI (295) spi_flash: flash io: dio[0m
[0;33mW (299) spi_flash: Detected size(4096k) larger than the size in the binary image header(2048k). Using the size in the binary image header.[0m
[0;33mW (312) i2c: This driver is an old driver, please migrate your application code to adapt `driver/i2c_master.h`[0m
[0;32mI (323) main_task: Started on CPU0[0m
[0;32mI (333) main_task: Calling app_main()[0m
[0;32mI (333) GESTURE_AUDIO: I2C initialized successfully[0m
[0;32mI (433) GESTURE_AUDIO: MPU6050 found with ID: 0x68[0m
[0;32mI (433) GESTURE_AUDIO: MPU6050 initialized successfully[0m
[0;32mI (433) GESTURE_AUDIO: ADC initialized for flex sensors[0m
[0;32mI (433) GESTURE_AUDIO: DFPlayer initialized[0m
[0;32mI (1443) GESTURE_AUDIO: Calibrating gyroscope - keep the sensor still...[0m
[0;32mI (2443) GESTURE_AUDIO: Gyro offsets - X: -410, Y: -906, Z: -48[0m
[0;32mI (2443) GESTURE_AUDIO: Initialization complete! Ready for gesture detection.[0m
[0;31mE (9443) GESTURE_AUDIO: Reading gyro data failed: ESP_ERR_TIMEOUT[0m
[0;32mI (26093) GESTURE_AUDIO: Playing file 0005.mp3[0m
[0;32mI (26293) GESTURE_AUDIO: Gesture: Wrist turn left - Playing 'Hello'[0m
[0;32mI (28143) GESTURE_AUDIO: Playing file 0005.mp3[0m
[0;32mI (28343) GESTURE_AUDIO: Gesture: Wrist turn left - Playing 'Hello'[0m
[0;32mI (29193) GESTURE_AUDIO: Playing file 0004.mp3[0m
[0;32mI (29393) GESTURE_AUDIO: Gesture: Wrist turn right - Playing 'Thank You'[0m
[0;32mI (31843) GESTURE_AUDIO: Playing file 0005.mp3[0m
[0;32mI (32043) GESTURE_AUDIO: Gesture: Wrist turn left - Playing 'Hello'[0m
[0;32mI (32993) GESTURE_AUDIO: Playing file 0004.mp3[0m
[0;32mI (33193) GESTURE_AUDIO: Gesture: Wrist turn right - Playing 'Thank You'[0m
[0;32mI (63843) GESTURE_AUDIO: Playing file 0005.mp3[0m
[0;32mI (64043) GESTURE_AUDIO: Gesture: Wrist turn left - Playing 'Hello'[0m
[0;32mI (64893) GESTURE_AUDIO: Playing file 0004.mp3[0m
[0;32mI (65093) GESTURE_AUDIO: Gesture: Wrist turn right - Playing 'Thank You'[0m
[0;32mI (69843) GESTURE_AUDIO: Playing file 0005.mp3[0m
[0;32mI (70043) GESTURE_AUDIO: Gesture: Wrist turn left - Playing 'Hello'[0m
[0;32mI (101043) GESTURE_AUDIO: Playing file 0005.mp3[0m
[0;32mI (101243) GESTURE_AUDIO: Gesture: Wrist turn left - Playing 'Hello'[0m
