Command: /home/bhavesh/.espressif/python_env/idf5.5_py3.10_env/bin/python /home/bhavesh/esp/esp-idf/tools/idf_monitor.py -p /dev/ttyUSB0 -b 115200 --toolchain-prefix xtensa-esp32-elf- --target esp32 --revision 0 /home/bhavesh/Talk-To-My-Hand/build/SignSpeak.elf /home/bhavesh/Talk-To-My-Hand/build/bootloader/bootloader.elf -m '/home/bhavesh/.espressif/python_env/idf5.5_py3.10_env/bin/python' '/home/bhavesh/esp/esp-idf/tools/idf.py' '-p' '/dev/ttyUSB0'
[0;32mI (171) boot: Loaded app from partition at offset 0x10000[0m
I (17ï¿½ets Jun  8 2016 00:22:57

rst:0x1 (POWERON_RESET),boot:0x13 (SPI_FAST_FLASH_BOOT)
configsip: 0, SPIWP:0xee
clk_drv:0x00,q_drv:0x00,d_drv:0x00,cs0_drv:0x00,hd_drv:0x00,wp_drv:0x00
mode:DIO, clock div:2
load:0x3fff0030,len:6368
load:0x40078000,len:15880
load:0x40080400,len:3860
entry 0x40080638
[0;32mI (27) boot: ESP-IDF v5.5-dev-2657-g23c73cdc37 2nd stage bootloader[0m
[0;32mI (27) boot: compile time Apr  6 2025 17:37:33[0m
[0;32mI (27) boot: Multicore bootloader[0m
[0;32mI (30) boot: chip revision: v1.0[0m
[0;32mI (33) boot.esp32: SPI Speed      : 40MHz[0m
[0;32mI (36) boot.esp32: SPI Mode       : DIO[0m
[0;32mI (40) boot.esp32: SPI Flash Size : 2MB[0m
[0;32mI (44) boot: Enabling RNG early entropy source...[0m
[0;32mI (48) boot: Partition Table:[0m
[0;32mI (51) boot: ## Label            Usage          Type ST Offset   Length[0m
[0;32mI (57) boot:  0 nvs              WiFi data        01 02 00009000 00006000[0m
[0;32mI (63) boot:  1 phy_init         RF data          01 01 0000f000 00001000[0m
[0;32mI (70) boot:  2 factory          factory app      00 00 00010000 00100000[0m
[0;32mI (77) boot: End of partition table[0m
[0;32mI (80) esp_image: segment 0: paddr=00010020 vaddr=3f400020 size=0a308h ( 41736) map[0m
[0;32mI (102) esp_image: segment 1: paddr=0001a330 vaddr=3ff80000 size=0001ch (    28) load[0m
[0;32mI (102) esp_image: segment 2: paddr=0001a354 vaddr=3ffb0000 size=02384h (  9092) load[0m
[0;32mI (109) esp_image: segment 3: paddr=0001c6e0 vaddr=40080000 size=03938h ( 14648) load[0m
[0;32mI (119) esp_image: segment 4: paddr=00020020 vaddr=400d0020 size=14ac8h ( 84680) map[0m
[0;32mI (150) esp_image: segment 5: paddr=00034af0 vaddr=40083938 size=09338h ( 37688) load[0m
[0;32mI (171) boot: Loaded app from partition at offset 0x10000[0m
[0;32mI (171) boot: Disabling RNG early entropy source...[0m
[0;32mI (181) cpu_start: Multicore app[0m
[0;32mI (190) cpu_start: Pro cpu start user code[0m
[0;32mI (190) cpu_start: cpu freq: 160000000 Hz[0m
[0;32mI (190) app_init: Application information:[0m
[0;32mI (193) app_init: Project name:     SignSpeak[0m
[0;32mI (198) app_init: App version:      81ea904-dirty[0m
[0;32mI (203) app_init: Compile time:     Apr  6 2025 17:37:20[0m
[0;32mI (209) app_init: ELF file SHA256:  8e0f28bbde118c7c...[0m
[0;32mI (215) app_init: ESP-IDF:          v5.5-dev-2657-g23c73cdc37[0m
[0;32mI (221) efuse_init: Min chip rev:     v0.0[0m
[0;32mI (226) efuse_init: Max chip rev:     v3.99 [0m
[0;32mI (231) efuse_init: Chip rev:         v1.0[0m
[0;32mI (236) heap_init: Initializing. RAM available for dynamic allocation:[0m
[0;32mI (243) heap_init: At 3FFAE6E0 len 00001920 (6 KiB): DRAM[0m
[0;32mI (249) heap_init: At 3FFB2C78 len 0002D388 (180 KiB): DRAM[0m
[0;32mI (255) heap_init: At 3FFE0440 len 00003AE0 (14 KiB): D/IRAM[0m
[0;32mI (262) heap_init: At 3FFE4350 len 0001BCB0 (111 KiB): D/IRAM[0m
[0;32mI (268) heap_init: At 4008CC70 len 00013390 (76 KiB): IRAM[0m
[0;32mI (276) spi_flash: detected chip: generic[0m
[0;32mI (279) spi_flash: flash io: dio[0m
[0;33mW (283) spi_flash: Detected size(4096k) larger than the size in the binary image header(2048k). Using the size in the binary image header.[0m
[0;32mI (297) main_task: Started on CPU0[0m
[0;32mI (307) main_task: Calling app_main()[0m
[0;32mI (307) FLEX_SENSOR: Starting Flex Sensor Test on GPIO33...[0m
[0;32mI (307) FLEX_SENSOR: Flex1 Value: 1534[0m
[0;32mI (19207) FLEX_SENSOR: Flex1 Value: 1521[0m
[0;32mI (19307) FLEX_SENSOR: Flex1 Value: 0[0m
[0;32mI (19607) FLEX_SENSOR: Flex1 Value: 1534[0m
[0;32mI (19707) FLEX_SENSOR: Flex1 Value: 1416[0m
[0;32mI (19807) FLEX_SENSOR: Flex1 Value: 0[0m
[0;32mI (20707) FLEX_SENSOR: Flex1 Value: 1465[0m
[0;32mI (21207) FLEX_SENSOR: Flex1 Value: 1452[0m
[0;32mI (21507) FLEX_SENSOR: Flex1 Value: 1441[0m
[0;32mI (22107) FLEX_SENSOR: Flex1 Value: 1430[0m
[0;32mI (23507) FLEX_SENSOR: Flex1 Value: 1441[0m
[0;32mI (24007) FLEX_SENSOR: Flex1 Value: 1430[0m
[0;32mI (26907) FLEX_SENSOR: Flex1 Value: 1443[0m
[0;32mI (27007) FLEX_SENSOR: Flex1 Value: 1465[0m
[0;32mI (27107) FLEX_SENSOR: Flex1 Value: 1503[0m
[0;32mI (27207) FLEX_SENSOR: Flex1 Value: 1520[0m
[0;32mI (27307) FLEX_SENSOR: Flex1 Value: 1532[0m
[0;32mI (30107) FLEX_SENSOR: Flex1 Value: 2398[0m
[0;32mI (30207) FLEX_SENSOR: Flex1 Value: 1578[0m
[0;32mI (30307) FLEX_SENSOR: Flex1 Value: 0[0m
[0;32mI (30407) FLEX_SENSOR: Flex1 Value: 1522[0m
[0;32mI (31407) FLEX_SENSOR: Flex1 Value: 0[0m
[0;32mI (33907) FLEX_SENSOR: Flex1 Value: 1472[0m
[0;32mI (34107) FLEX_SENSOR: Flex1 Value: 0[0m
[0;32mI (34307) FLEX_SENSOR: Flex1 Value: 1475[0m
[0;32mI (34507) FLEX_SENSOR: Flex1 Value: 1456[0m
[0;32mI (34707) FLEX_SENSOR: Flex1 Value: 1444[0m
[0;32mI (35007) FLEX_SENSOR: Flex1 Value: 1432[0m
[0;32mI (35207) FLEX_SENSOR: Flex1 Value: 1419[0m
[0;32mI (36907) FLEX_SENSOR: Flex1 Value: 1472[0m
[0;32mI (37007) FLEX_SENSOR: Flex1 Value: 1497[0m
[0;32mI (37107) FLEX_SENSOR: Flex1 Value: 1513[0m
[0;32mI (38107) FLEX_SENSOR: Flex1 Value: 1502[0m
[0;32mI (38207) FLEX_SENSOR: Flex1 Value: 1485[0m
[0;32mI (38307) FLEX_SENSOR: Flex1 Value: 1462[0m
[0;32mI (38907) FLEX_SENSOR: Flex1 Value: 1476[0m
[0;32mI (39007) FLEX_SENSOR: Flex1 Value: 1516[0m
[0;32mI (40007) FLEX_SENSOR: Flex1 Value: 0[0m
[0;32mI (40107) FLEX_SENSOR: Flex1 Value: 1526[0m
