Command: /home/bhavesh/.espressif/python_env/idf5.5_py3.10_env/bin/python /home/bhavesh/esp/esp-idf/tools/idf_monitor.py -p /dev/ttyUSB0 -b 115200 --toolchain-prefix xtensa-esp32-elf- --target esp32 --revision 0 /home/bhavesh/Talk-To-My-Hand/build/SignSpeak.elf /home/bhavesh/Talk-To-My-Hand/build/bootloader/bootloader.elf -m '/home/bhavesh/.espressif/python_env/idf5.5_py3.10_env/bin/python' '/home/bhavesh/esp/esp-idf/tools/idf.py' '-p' '/dev/ttyUSB0'
[0;32mI (171) boot: Loaded app from partition at offset 0x10000[0m
[0;32mI (171) boot: Disabling RNG early entroï¿½ets Jun  8 2016 00:22:57[0m

rst:0x1 (POWERON_RESET),boot:0x13 (SPI_FAST_FLASH_BOOT)
configsip: 0, SPIWP:0xee
clk_drv:0x00,q_drv:0x00,d_drv:0x00,cs0_drv:0x00,hd_drv:0x00,wp_drv:0x00
mode:DIO, clock div:2
load:0x3fff0030,len:6368
load:0x40078000,len:15880
load:0x40080400,len:3860
entry 0x40080638
[0;32mI (27) boot: ESP-IDF v5.5-dev-2657-g23c73cdc37 2nd stage bootloader[0m
[0;32mI (27) boot: compile time Apr  6 2025 17:37:33[0m
[0;32mI (27) boot: Multicore bootloader[0m
[0;32mI (30) boot: chip revision: v1.0[0m
[0;32mI (33) boot.esp32: SPI Speed      : 40MHz[0m
[0;32mI (36) boot.esp32: SPI Mode       : DIO[0m
[0;32mI (40) boot.esp32: SPI Flash Size : 2MB[0m
[0;32mI (44) boot: Enabling RNG early entropy source...[0m
[0;32mI (48) boot: Partition Table:[0m
[0;32mI (51) boot: ## Label            Usage          Type ST Offset   Length[0m
[0;32mI (57) boot:  0 nvs              WiFi data        01 02 00009000 00006000[0m
[0;32mI (63) boot:  1 phy_init         RF data          01 01 0000f000 00001000[0m
[0;32mI (70) boot:  2 factory          factory app      00 00 00010000 00100000[0m
[0;32mI (77) boot: End of partition table[0m
[0;32mI (80) esp_image: segment 0: paddr=00010020 vaddr=3f400020 size=0a328h ( 41768) map[0m
[0;32mI (102) esp_image: segment 1: paddr=0001a350 vaddr=3ff80000 size=0001ch (    28) load[0m
[0;32mI (102) esp_image: segment 2: paddr=0001a374 vaddr=3ffb0000 size=02384h (  9092) load[0m
[0;32mI (109) esp_image: segment 3: paddr=0001c700 vaddr=40080000 size=03918h ( 14616) load[0m
[0;32mI (119) esp_image: segment 4: paddr=00020020 vaddr=400d0020 size=14b44h ( 84804) map[0m
[0;32mI (150) esp_image: segment 5: paddr=00034b6c vaddr=40083918 size=09358h ( 37720) load[0m
[0;32mI (171) boot: Loaded app from partition at offset 0x10000[0m
[0;32mI (171) boot: Disabling RNG early entropy source...[0m
[0;32mI (181) cpu_start: Multicore app[0m
[0;32mI (190) cpu_start: Pro cpu start user code[0m
[0;32mI (190) cpu_start: cpu freq: 160000000 Hz[0m
[0;32mI (190) app_init: Application information:[0m
[0;32mI (193) app_init: Project name:     SignSpeak[0m
[0;32mI (198) app_init: App version:      81ea904-dirty[0m
[0;32mI (203) app_init: Compile time:     Apr  6 2025 17:37:20[0m
[0;32mI (209) app_init: ELF file SHA256:  1f8b783f830a0bce...[0m
[0;32mI (215) app_init: ESP-IDF:          v5.5-dev-2657-g23c73cdc37[0m
[0;32mI (221) efuse_init: Min chip rev:     v0.0[0m
[0;32mI (226) efuse_init: Max chip rev:     v3.99 [0m
[0;32mI (231) efuse_init: Chip rev:         v1.0[0m
[0;32mI (236) heap_init: Initializing. RAM available for dynamic allocation:[0m
[0;32mI (243) heap_init: At 3FFAE6E0 len 00001920 (6 KiB): DRAM[0m
[0;32mI (249) heap_init: At 3FFB2C78 len 0002D388 (180 KiB): DRAM[0m
[0;32mI (255) heap_init: At 3FFE0440 len 00003AE0 (14 KiB): D/IRAM[0m
[0;32mI (262) heap_init: At 3FFE4350 len 0001BCB0 (111 KiB): D/IRAM[0m
[0;32mI (268) heap_init: At 4008CC70 len 00013390 (76 KiB): IRAM[0m
[0;32mI (276) spi_flash: detected chip: generic[0m
[0;32mI (279) spi_flash: flash io: dio[0m
[0;33mW (283) spi_flash: Detected size(4096k) larger than the size in the binary image header(2048k). Using the size in the binary image header.[0m
[0;32mI (297) main_task: Started on CPU0[0m
[0;32mI (307) main_task: Calling app_main()[0m
[0;32mI (307) FLEX_SENSOR: Starting Flex Sensor Test on GPIO33, 32, 35, 34, 39...[0m
[0;32mI (317) FLEX_SENSOR: Flex1 Value: 1471[0m
[0;32mI (327) FLEX_SENSOR: Flex2 Value: 0[0m
[0;32mI (327) FLEX_SENSOR: Flex3 Value: 1743[0m
[0;32mI (327) FLEX_SENSOR: Flex4 Value: 0[0m
[0;32mI (327) FLEX_SENSOR: Flex5 Value: 0[0m
[0;32mI (447) FLEX_SENSOR: Flex3 Value: 0[0m
[0;32mI (667) FLEX_SENSOR: Flex3 Value: 1865[0m
[0;32mI (887) FLEX_SENSOR: Flex3 Value: 1844[0m
[0;32mI (997) FLEX_SENSOR: Flex3 Value: 1860[0m
[0;32mI (1107) FLEX_SENSOR: Flex3 Value: 1627[0m
[0;32mI (1217) FLEX_SENSOR: Flex3 Value: 140[0m
[0;32mI (1437) FLEX_SENSOR: Flex3 Value: 0[0m
[0;32mI (1547) FLEX_SENSOR: Flex3 Value: 1726[0m
[0;32mI (1657) FLEX_SENSOR: Flex3 Value: 1839[0m
[0;32mI (1987) FLEX_SENSOR: Flex3 Value: 1812[0m
[0;32mI (2097) FLEX_SENSOR: Flex3 Value: 1828[0m
[0;32mI (2207) FLEX_SENSOR: Flex3 Value: 1815[0m
[0;32mI (2317) FLEX_SENSOR: Flex3 Value: 1798[0m
[0;32mI (2427) FLEX_SENSOR: Flex3 Value: 1838[0m
[0;32mI (2537) FLEX_SENSOR: Flex3 Value: 1823[0m
[0;32mI (2647) FLEX_SENSOR: Flex3 Value: 1675[0m
[0;32mI (2757) FLEX_SENSOR: Flex3 Value: 1737[0m
[0;32mI (2977) FLEX_SENSOR: Flex3 Value: 0[0m
[0;32mI (35757) FLEX_SENSOR: Flex3 Value: 1819[0m
[0;32mI (35867) FLEX_SENSOR: Flex3 Value: 0[0m
[0;32mI (36087) FLEX_SENSOR: Flex3 Value: 1818[0m
[0;32mI (36197) FLEX_SENSOR: Flex3 Value: 1316[0m
[0;32mI (36307) FLEX_SENSOR: Flex3 Value: 1177[0m
[0;32mI (36417) FLEX_SENSOR: Flex3 Value: 1360[0m
[0;32mI (36527) FLEX_SENSOR: Flex3 Value: 1407[0m
[0;32mI (36637) FLEX_SENSOR: Flex3 Value: 1380[0m
[0;32mI (36747) FLEX_SENSOR: Flex3 Value: 1407[0m
[0;32mI (36857) FLEX_SENSOR: Flex3 Value: 1429[0m
[0;32mI (36967) FLEX_SENSOR: Flex3 Value: 1370[0m
[0;32mI (37077) FLEX_SENSOR: Flex3 Value: 843[0m
[0;32mI (37187) FLEX_SENSOR: Flex3 Value: 784[0m
[0;32mI (37297) FLEX_SENSOR: Flex3 Value: 875[0m
[0;32mI (37407) FLEX_SENSOR: Flex3 Value: 831[0m
[0;32mI (37517) FLEX_SENSOR: Flex3 Value: 1678[0m
[0;32mI (37627) FLEX_SENSOR: Flex3 Value: 1814[0m
[0;32mI (37957) FLEX_SENSOR: Flex3 Value: 1841[0m
[0;32mI (38397) FLEX_SENSOR: Flex3 Value: 1854[0m
[0;32mI (38617) FLEX_SENSOR: Flex3 Value: 0[0m
[0;32mI (38837) FLEX_SENSOR: Flex3 Value: 382[0m
[0;32mI (38947) FLEX_SENSOR: Flex3 Value: 1841[0m
[0;32mI (39057) FLEX_SENSOR: Flex3 Value: 1763[0m
[0;32mI (39167) FLEX_SENSOR: Flex3 Value: 1842[0m
[0;32mI (39277) FLEX_SENSOR: Flex3 Value: 1494[0m
[0;32mI (39497) FLEX_SENSOR: Flex3 Value: 0[0m
[0;32mI (39827) FLEX_SENSOR: Flex3 Value: 1669[0m
[0;32mI (39937) FLEX_SENSOR: Flex3 Value: 1714[0m
[0;32mI (40047) FLEX_SENSOR: Flex3 Value: 0[0m
[0;32mI (40267) FLEX_SENSOR: Flex3 Value: 1825[0m
[0;32mI (40707) FLEX_SENSOR: Flex3 Value: 0[0m
[0;32mI (41037) FLEX_SENSOR: Flex3 Value: 1544[0m
[0;32mI (41147) FLEX_SENSOR: Flex3 Value: 0[0m
[0;32mI (41257) FLEX_SENSOR: Flex3 Value: 54[0m
[0;32mI (41367) FLEX_SENSOR: Flex3 Value: 1758[0m
[0;32mI (41477) FLEX_SENSOR: Flex3 Value: 1813[0m
[0;32mI (41587) FLEX_SENSOR: Flex3 Value: 0[0m
[0;32mI (42357) FLEX_SENSOR: Flex3 Value: 1813[0m
[0;32mI (42797) FLEX_SENSOR: Flex3 Value: 1799[0m
[0;32mI (42907) FLEX_SENSOR: Flex3 Value: 0[0m
[0;32mI (43457) FLEX_SENSOR: Flex3 Value: 1771[0m
[0;32mI (43567) FLEX_SENSOR: Flex3 Value: 1739[0m
[0;32mI (43787) FLEX_SENSOR: Flex3 Value: 1754[0m
[0;32mI (44007) FLEX_SENSOR: Flex3 Value: 1774[0m
[0;32mI (44227) FLEX_SENSOR: Flex3 Value: 0[0m
[0;32mI (44557) FLEX_SENSOR: Flex3 Value: 1807[0m
[0;32mI (44667) FLEX_SENSOR: Flex3 Value: 0[0m
[0;32mI (44777) FLEX_SENSOR: Flex3 Value: 1806[0m
[0;32mI (45107) FLEX_SENSOR: Flex3 Value: 0[0m
[0;32mI (46097) FLEX_SENSOR: Flex3 Value: 1819[0m
[0;32mI (47747) FLEX_SENSOR: Flex3 Value: 1752[0m
[0;32mI (47857) FLEX_SENSOR: Flex3 Value: 94[0m
[0;32mI (47967) FLEX_SENSOR: Flex3 Value: 1820[0m
[0;32mI (48517) FLEX_SENSOR: Flex3 Value: 1840[0m
[0;32mI (48847) FLEX_SENSOR: Flex3 Value: 1851[0m
[0;32mI (49397) FLEX_SENSOR: Flex3 Value: 1831[0m
[0;32mI (50167) FLEX_SENSOR: Flex3 Value: 1847[0m
[0;32mI (50717) FLEX_SENSOR: Flex3 Value: 1858[0m
[0;32mI (51377) FLEX_SENSOR: Flex3 Value: 0[0m
[0;32mI (51487) FLEX_SENSOR: Flex3 Value: 1860[0m
[0;32mI (51707) FLEX_SENSOR: Flex3 Value: 1088[0m
[0;32mI (51817) FLEX_SENSOR: Flex3 Value: 565[0m
[0;32mI (51927) FLEX_SENSOR: Flex3 Value: 1825[0m
[0;32mI (53357) FLEX_SENSOR: Flex3 Value: 1546[0m
[0;32mI (53467) FLEX_SENSOR: Flex3 Value: 1819[0m
[0;32mI (53797) FLEX_SENSOR: Flex3 Value: 4095[0m
[0;32mI (54677) FLEX_SENSOR: Flex3 Value: 1832[0m
[0;32mI (55557) FLEX_SENSOR: Flex3 Value: 4095[0m
[0;32mI (58747) FLEX_SENSOR: Flex3 Value: 3732[0m
[0;32mI (58857) FLEX_SENSOR: Flex3 Value: 1854[0m
[0;32mI (58967) FLEX_SENSOR: Flex3 Value: 4095[0m
[0;32mI (59077) FLEX_SENSOR: Flex3 Value: 1840[0m
[0;32mI (59187) FLEX_SENSOR: Flex3 Value: 1829[0m
[0;32mI (59517) FLEX_SENSOR: Flex3 Value: 1844[0m
[0;32mI (61387) FLEX_SENSOR: Flex3 Value: 1832[0m
[0;32mI (63917) FLEX_SENSOR: Flex3 Value: 297[0m
[0;32mI (64027) FLEX_SENSOR: Flex3 Value: 88[0m
[0;32mI (64137) FLEX_SENSOR: Flex3 Value: 1484[0m
[0;32mI (64247) FLEX_SENSOR: Flex3 Value: 1785[0m
[0;32mI (64357) FLEX_SENSOR: Flex3 Value: 999[0m
[0;32mI (64467) FLEX_SENSOR: Flex3 Value: 966[0m
[0;32mI (64577) FLEX_SENSOR: Flex3 Value: 1824[0m
[0;32mI (64907) FLEX_SENSOR: Flex3 Value: 1178[0m
[0;32mI (65017) FLEX_SENSOR: Flex3 Value: 1313[0m
[0;32mI (65127) FLEX_SENSOR: Flex3 Value: 1825[0m
[0;32mI (65347) FLEX_SENSOR: Flex3 Value: 1813[0m
[0;32mI (65457) FLEX_SENSOR: Flex3 Value: 1484[0m
[0;32mI (65567) FLEX_SENSOR: Flex3 Value: 1822[0m
[0;32mI (65677) FLEX_SENSOR: Flex3 Value: 1648[0m
