dr=0001ba5c vaddr=40080000 size=045bch ( 17852) load[0m
[0;32mI (139) esp_image: segment 4: paddr=00020020 vaddï¿½ets Jun  8 2016 00:22:57

rst:0x1 (POWERON_RESET),boot:0x13 (SPI_FAST_FLASH_BOOT)
configsip: 0, SPIWP:0xee
clk_drv:0x00,q_drv:0x00,d_drv:0x00,cs0_drv:0x00,hd_drv:0x00,wp_drv:0x00
mode:DIO, clock div:2
load:0x3fff0030,len:7128
load:0x40078000,len:15672
load:0x40080400,len:4
load:0x40080404,len:3876
entry 0x4008064c
[0;32mI (29) boot: ESP-IDF v5.1.5-572-g8034b50d33 2nd stage bootloader[0m
[0;32mI (29) boot: compile time Mar 13 2025 11:42:48[0m
[0;32mI (30) boot: Multicore bootloader[0m
[0;32mI (35) boot: chip revision: v1.0[0m
[0;32mI (38) boot.esp32: SPI Speed      : 40MHz[0m
[0;32mI (43) boot.esp32: SPI Mode       : DIO[0m
[0;32mI (47) boot.esp32: SPI Flash Size : 2MB[0m
[0;32mI (52) boot: Enabling RNG early entropy source...[0m
[0;32mI (57) boot: Partition Table:[0m
[0;32mI (61) boot: ## Label            Usage          Type ST Offset   Length[0m
[0;32mI (68) boot:  0 nvs              WiFi data        01 02 00009000 00006000[0m
[0;32mI (76) boot:  1 phy_init         RF data          01 01 0000f000 00001000[0m
[0;32mI (83) boot:  2 factory          factory app      00 00 00010000 00100000[0m
[0;32mI (91) boot: End of partition table[0m
[0;32mI (95) esp_image: segment 0: paddr=00010020 vaddr=3f400020 size=098f8h ( 39160) map[0m
[0;32mI (118) esp_image: segment 1: paddr=00019920 vaddr=3ff80000 size=00004h (     4) load[0m
[0;32mI (118) esp_image: segment 2: paddr=0001992c vaddr=3ffb0000 size=02128h (  8488) load[0m
[0;32mI (127) esp_image: segment 3: paddr=0001ba5c vaddr=40080000 size=045bch ( 17852) load[0m
[0;32mI (139) esp_image: segment 4: paddr=00020020 vaddr=400d0020 size=14d84h ( 85380) map[0m
[0;32mI (171) esp_image: segment 5: paddr=00034dac vaddr=400845bc size=079c8h ( 31176) load[0m
[0;32mI (190) boot: Loaded app from partition at offset 0x10000[0m
[0;32mI (191) boot: Disabling RNG early entropy source...[0m
[0;32mI (202) cpu_start: Multicore app[0m
[0;32mI (203) cpu_start: Pro cpu up.[0m
[0;32mI (203) cpu_start: Starting app cpu, entry point is 0x4008110c[0m
[0;32mI (0) cpu_start: App cpu up.[0m
[0;32mI (220) cpu_start: Pro cpu start user code[0m
[0;32mI (220) cpu_start: cpu freq: 160000000 Hz[0m
[0;32mI (220) cpu_start: Application information:[0m
[0;32mI (225) cpu_start: Project name:     SignSpeak[0m
[0;32mI (230) cpu_start: App version:      1[0m
[0;32mI (235) cpu_start: Compile time:     Mar 13 2025 11:42:40[0m
[0;32mI (241) cpu_start: ELF file SHA256:  35a11269075cbce9...[0m
[0;32mI (247) cpu_start: ESP-IDF:          v5.1.5-572-g8034b50d33[0m
[0;32mI (253) cpu_start: Min chip rev:     v0.0[0m
[0;32mI (258) cpu_start: Max chip rev:     v3.99 [0m
[0;32mI (263) cpu_start: Chip rev:         v1.0[0m
[0;32mI (267) heap_init: Initializing. RAM available for dynamic allocation:[0m
[0;32mI (275) heap_init: At 3FFAE6E0 len 00001920 (6 KiB): DRAM[0m
[0;32mI (281) heap_init: At 3FFB29E0 len 0002D620 (181 KiB): DRAM[0m
[0;32mI (287) heap_init: At 3FFE0440 len 00003AE0 (14 KiB): D/IRAM[0m
[0;32mI (293) heap_init: At 3FFE4350 len 0001BCB0 (111 KiB): D/IRAM[0m
[0;32mI (300) heap_init: At 4008BF84 len 0001407C (80 KiB): IRAM[0m
[0;32mI (307) spi_flash: detected chip: generic[0m
[0;32mI (310) spi_flash: flash io: dio[0m
[0;33mW (314) spi_flash: Detected size(4096k) larger than the size in the binary image header(2048k). Using the size in the binary image header.[0m
[0;32mI (328) app_start: Starting scheduler on CPU0[0m
[0;32mI (333) app_start: Starting scheduler on CPU1[0m
[0;32mI (333) main_task: Started on CPU0[0m
[0;32mI (343) main_task: Calling app_main()[0m
[0;32mI (343) FLEX_SENSOR: Flex Sensor ADC Value: 3010[0m
[0;32mI (343) FLEX_SENSOR: Hoooo there,Whoooo are you[0m
[0;32mI (853) FLEX_SENSOR: Flex Sensor ADC Value: 3020[0m
[0;32mI (853) FLEX_SENSOR: Hoooo there,Whoooo are you[0m
[0;32mI (1353) FLEX_SENSOR: Flex Sensor ADC Value: 3030[0m
[0;32mI (1353) FLEX_SENSOR: Hoooo there,Whoooo are you[0m
[0;32mI (1853) FLEX_SENSOR: Flex Sensor ADC Value: 3018[0m
[0;32mI (1853) FLEX_SENSOR: Hoooo there,Whoooo are you[0m
[0;32mI (2353) FLEX_SENSOR: Flex Sensor ADC Value: 3032[0m
[0;32mI (2353) FLEX_SENSOR: Hoooo there,Whoooo are you[0m
[0;32mI (2853) FLEX_SENSOR: Flex Sensor ADC Value: 3020[0m
[0;32mI (2853) FLEX_SENSOR: Hoooo there,Whoooo are you[0m
[0;32mI (3353) FLEX_SENSOR: Flex Sensor ADC Value: 2998[0m
[0;32mI (3353) FLEX_SENSOR: Hoooo there,Whoooo are you[0m
[0;32mI (3853) FLEX_SENSOR: Flex Sensor ADC Value: 3040[0m
[0;32mI (3853) FLEX_SENSOR: Hoooo there,Whoooo are you[0m
[0;32mI (4353) FLEX_SENSOR: Flex Sensor ADC Value: 3026[0m
[0;32mI (4353) FLEX_SENSOR: Hoooo there,Whoooo are you[0m
[0;32mI (4853) FLEX_SENSOR: Flex Sensor ADC Value: 3070[0m
[0;32mI (4853) FLEX_SENSOR: Hoooo there,Whoooo are you[0m
[0;32mI (5353) FLEX_SENSOR: Flex Sensor ADC Value: 3254[0m
[0;32mI (5353) FLEX_SENSOR: Hoooo there,Whoooo are you[0m
[0;32mI (5853) FLEX_SENSOR: Flex Sensor ADC Value: 3070[0m
[0;32mI (5853) FLEX_SENSOR: Hoooo there,Whoooo are you[0m
[0;32mI (6353) FLEX_SENSOR: Flex Sensor ADC Value: 3290[0m
[0;32mI (6353) FLEX_SENSOR: Hoooo there,Whoooo are you[0m
[0;32mI (6853) FLEX_SENSOR: Flex Sensor ADC Value: 3066[0m
[0;32mI (6853) FLEX_SENSOR: Hoooo there,Whoooo are you[0m
[0;32mI (7353) FLEX_SENSOR: Flex Sensor ADC Value: 2916[0m
[0;32mI (7353) FLEX_SENSOR: Hoooo there,Whoooo are you[0m
[0;32mI (7853) FLEX_SENSOR: Flex Sensor ADC Value: 3150[0m
[0;32mI (7853) FLEX_SENSOR: Hoooo there,Whoooo are you[0m
[0;32mI (8353) FLEX_SENSOR: Flex Sensor ADC Value: 2878[0m
[0;32mI (8353) FLEX_SENSOR: Hoo there,How are you[0m
[0;32mI (8853) FLEX_SENSOR: Flex Sensor ADC Value: 2912[0m
[0;32mI (8853) FLEX_SENSOR: Hoooo there,Whoooo are you[0m
[0;32mI (9353) FLEX_SENSOR: Flex Sensor ADC Value: 2816[0m
[0;32mI (9353) FLEX_SENSOR: Hoo there,How are you[0m
[0;32mI (9853) FLEX_SENSOR: Flex Sensor ADC Value: 2886[0m
[0;32mI (9853) FLEX_SENSOR: Hoo there,How are you[0m
[0;32mI (10353) FLEX_SENSOR: Flex Sensor ADC Value: 3116[0m
[0;32mI (10353) FLEX_SENSOR: Hoooo there,Whoooo are you[0m
[0;32mI (10853) FLEX_SENSOR: Flex Sensor ADC Value: 2966[0m
[0;32mI (10853) FLEX_SENSOR: Hoooo there,Whoooo are you[0m
[0;32mI (11353) FLEX_SENSOR: Flex Sensor ADC Value: 3014[0m
[0;32mI (11353) FLEX_SENSOR: Hoooo there,Whoooo are you[0m
[0;32mI (11853) FLEX_SENSOR: Flex Sensor ADC Value: 3014[0m
[0;32mI (11853) FLEX_SENSOR: Hoooo there,Whoooo are you[0m
[0;32mI (12353) FLEX_SENSOR: Flex Sensor ADC Value: 3104[0m
[0;32mI (12353) FLEX_SENSOR: Hoooo there,Whoooo are you[0m
[0;32mI (12853) FLEX_SENSOR: Flex Sensor ADC Value: 3512[0m
[0;32mI (12853) FLEX_SENSOR: Hoooo there,Whoooo are you[0m
[0;32mI (13353) FLEX_SENSOR: Flex Sensor ADC Value: 3070[0m
[0;32mI (13353) FLEX_SENSOR: Hoooo there,Whoooo are you[0m
[0;32mI (13853) FLEX_SENSOR: Flex Sensor ADC Value: 3106[0m
[0;32mI (13853) FLEX_SENSOR: Hoooo there,Whoooo are you[0m
[0;32mI (14353) FLEX_SENSOR: Flex Sensor ADC Value: 2944[0m
[0;32mI (14353) FLEX_SENSOR: Hoooo there,Whoooo are you[0m
[0;32mI (14853) FLEX_SENSOR: Flex Sensor ADC Value: 2970[0m
[0;32mI (14853) FLEX_SENSOR: Hoooo there,Whoooo are you[0m
[0;32mI (15353) FLEX_SENSOR: Flex Sensor ADC Value: 2970[0m
[0;32mI (15353) FLEX_SENSOR: Hoooo there,Whoooo are you[0m
[0;32mI (15853) FLEX_SENSOR: Flex Sensor ADC Value: 2970[0m
[0;32mI (15853) FLEX_SENSOR: Hoooo there,Whoooo are you[0m
[0;32mI (16353) FLEX_SENSOR: Flex Sensor ADC Value: 2978[0m
[0;32mI (16353) FLEX_SENSOR: Hoooo there,Whoooo are you[0m
[0;32mI (16853) FLEX_SENSOR: Flex Sensor ADC Value: 2976[0m
[0;32mI (16853) FLEX_SENSOR: Hoooo there,Whoooo are you[0m
[0;32mI (17353) FLEX_SENSOR: Flex Sensor ADC Value: 2978[0m
[0;32mI (17353) FLEX_SENSOR: Hoooo there,Whoooo are you[0m
[0;32mI (17853) FLEX_SENSOR: Flex Sensor ADC Value: 2982[0m
[0;32mI (17853) FLEX_SENSOR: Hoooo there,Whoooo are you[0m
[0;32mI (18353) FLEX_SENSOR: Flex Sensor ADC Value: 2994[0m
[0;32mI (18353) FLEX_SENSOR: Hoooo there,Whoooo are you[0m
[0;32mI (18853) FLEX_SENSOR: Flex Sensor ADC Value: 2976[0m
[0;32mI (18853) FLEX_SENSOR: Hoooo there,Whoooo are you[0m
[0;32mI (19353) FLEX_SENSOR: Flex Sensor ADC Value: 2990[0m
[0;32mI (19353) FLEX_SENSOR: Hoooo there,Whoooo are you[0m
[0;32mI (19853) FLEX_SENSOR: Flex Sensor ADC Value: 2986[0m
[0;32mI (19853) FLEX_SENSOR: Hoooo there,Whoooo are you[0m
[0;32mI (20353) FLEX_SENSOR: Flex Sensor ADC Value: 3022[0m
[0;32mI (20353) FLEX_SENSOR: Hoooo there,Whoooo are you[0m
[0;32mI (20853) FLEX_SENSOR: Flex Sensor ADC Value: 2970[0m
[0;32mI (20853) FLEX_SENSOR: Hoooo there,Whoooo are you[0m
[0;32mI (21353) FLEX_SENSOR: Flex Sensor ADC Value: 2978[0m
[0;32mI (21353) FLEX_SENSOR: Hoooo there,Whoooo are you[0m
[0;32mI (21853) FLEX_SENSOR: Flex Sensor ADC Value: 2962[0m
[0;32mI (21853) FLEX_SENSOR: Hoooo there,Whoooo are you[0m
[0;32mI (22353) FLEX_SENSOR: Flex Sensor ADC Value: 2986[0m
[0;32mI (22353) FLEX_SENSOR: Hoooo there,Whoooo are you[0m
[0;32mI (22853) FLEX_SENSOR: Flex Sensor ADC Value: 2986[0m
[0;32mI (22853) FLEX_SENSOR: Hoooo there,Whoooo are you[0m
[0;32mI (23353) FLEX_SENSOR: Flex Sensor ADC Value: 2978[0m
[0;32mI (23353) FLEX_SENSOR: Hoooo there,Whoooo are you[0m
[0;32mI (23853) FLEX_SENSOR: Flex Sensor ADC Value: 2988[0m
[0;32mI (23853) FLEX_SENSOR: Hoooo there,Whoooo are you[0m
[0;32mI (24353) FLEX_SENSOR: Flex Sensor ADC Value: 2992[0m
[0;32mI (24353) FLEX_SENSOR: Hoooo there,Whoooo are you[0m
[0;32mI (24853) FLEX_SENSOR: Flex Sensor ADC Value: 2990[0m
[0;32mI (24853) FLEX_SENSOR: Hoooo there,Whoooo are you[0m
[0;32mI (25353) FLEX_SENSOR: Flex Sensor ADC Value: 2978[0m
[0;32mI (25353) FLEX_SENSOR: Hoooo there,Whoooo are you[0m
[0;32mI (25853) FLEX_SENSOR: Flex Sensor ADC Value: 3006[0m
[0;32mI (25853) FLEX_SENSOR: Hoooo there,Whoooo are you[0m
[0;32mI (26353) FLEX_SENSOR: Flex Sensor ADC Value: 2976[0m
[0;32mI (26353) FLEX_SENSOR: Hoooo there,Whoooo are you[0m
[0;32mI (26853) FLEX_SENSOR: Flex Sensor ADC Value: 2982[0m
[0;32mI (26853) FLEX_SENSOR: Hoooo there,Whoooo are you[0m
[0;32mI (27353) FLEX_SENSOR: Flex Sensor ADC Value: 2992[0m
[0;32mI (27353) FLEX_SENSOR: Hoooo there,Whoooo are you[0m
[0;32mI (27853) FLEX_SENSOR: Flex Sensor ADC Value: 2982[0m
[0;32mI (27853) FLEX_SENSOR: Hoooo there,Whoooo are you[0m
[0;32mI (28353) FLEX_SENSOR: Flex Sensor ADC Value: 3030[0m
[0;32mI (28353) FLEX_SENSOR: Hoooo there,Whoooo are you[0m
[0;32mI (28853) FLEX_SENSOR: Flex Sensor ADC Value: 2998[0m
[0;32mI (28853) FLEX_SENSOR: Hoooo there,Whoooo are you[0m
[0;32mI (29353) FLEX_SENSOR: Flex Sensor ADC Value: 3010[0m
[0;32mI (29353) FLEX_SENSOR: Hoooo there,Whoooo are you[0m
[0;32mI (29853) FLEX_SENSOR: Flex Sensor ADC Value: 2806[0m
[0;32mI (29853) FLEX_SENSOR: Hoo there,How are you[0m
[0;32mI (30353) FLEX_SENSOR: Flex Sensor ADC Value: 2434[0m
[0;32mI (30353) FLEX_SENSOR: Hoooo there,Whoooo are you[0m
[0;32mI (30853) FLEX_SENSOR: Flex Sensor ADC Value: 2114[0m
[0;32mI (30853) FLEX_SENSOR: Hoooo there,Whoooo are you[0m
[0;32mI (31353) FLEX_SENSOR: Flex Sensor ADC Value: 1816[0m
[0;32mI (31353) FLEX_SENSOR: Hoooo there,Whoooo are you[0m
[0;32mI (31853) FLEX_SENSOR: Flex Sensor ADC Value: 1560[0m
[0;32mI (31853) FLEX_SENSOR: Hoooo there,Whoooo are you[0m
[0;32mI (32353) FLEX_SENSOR: Flex Sensor ADC Value: 1374[0m
[0;32mI (32353) FLEX_SENSOR: Hoooo there,Whoooo are you[0m
[0;32mI (32853) FLEX_SENSOR: Flex Sensor ADC Value: 1162[0m
[0;32mI (32853) FLEX_SENSOR: Hoooo there,Whoooo are you[0m
[0;32mI (33353) FLEX_SENSOR: Flex Sensor ADC Value: 994[0m
[0;32mI (33353) FLEX_SENSOR: Hoooo there,Whoooo are you[0m
[0;32mI (33853) FLEX_SENSOR: Flex Sensor ADC Value: 862[0m
[0;32mI (33853) FLEX_SENSOR: Hoooo there,Whoooo are you[0m
[0;32mI (34353) FLEX_SENSOR: Flex Sensor ADC Value: 724[0m
[0;32mI (34353) FLEX_SENSOR: Hoooo there,Whoooo are you[0m
