Command: /home/bhavesh/.espressif/python_env/idf5.5_py3.10_env/bin/python /home/bhavesh/esp/esp-idf/tools/idf_monitor.py -p /dev/ttyUSB0 -b 115200 --toolchain-prefix xtensa-esp32-elf- --target esp32 --revision 0 /home/bhavesh/Talk-To-My-Hand/build/SignSpeak.elf /home/bhavesh/Talk-To-My-Hand/build/bootloader/bootloader.elf -m '/home/bhavesh/.espressif/python_env/idf5.5_py3.10_env/bin/python' '/home/bhavesh/esp/esp-idf/tools/idf.py' '-p' '/dev/ttyUSB0'
[0;32mI (155) esp_image: segment 5: paddr=000373c8 vaddr=40082788 size=0b494h ( 46228ï¿½ets Jun  8 2016 00:22:57[0m

rst:0x1 (POWERON_RESET),boot:0x13 (SPI_FAST_FLASH_BOOT)
configsip: 0, SPIWP:0xee
clk_drv:0x00,q_drv:0x00,d_drv:0x00,cs0_drv:0x00,hd_drv:0x00,wp_drv:0x00
mode:DIO, clock div:2
load:0x3fff0030,len:6368
load:0x40078000,len:15880
load:0x40080400,len:3860
entry 0x40080638
[0;32mI (27) boot: ESP-IDF v5.5-dev-2657-g23c73cdc37 2nd stage bootloader[0m
[0;32mI (27) boot: compile time Apr 11 2025 18:03:56[0m
[0;32mI (27) boot: Multicore bootloader[0m
[0;32mI (30) boot: chip revision: v1.0[0m
[0;32mI (33) boot.esp32: SPI Speed      : 40MHz[0m
[0;32mI (36) boot.esp32: SPI Mode       : DIO[0m
[0;32mI (40) boot.esp32: SPI Flash Size : 2MB[0m
[0;32mI (43) boot: Enabling RNG early entropy source...[0m
[0;32mI (48) boot: Partition Table:[0m
[0;32mI (51) boot: ## Label            Usage          Type ST Offset   Length[0m
[0;32mI (57) boot:  0 nvs              WiFi data        01 02 00009000 00006000[0m
[0;32mI (63) boot:  1 phy_init         RF data          01 01 0000f000 00001000[0m
[0;32mI (70) boot:  2 factory          factory app      00 00 00010000 00100000[0m
[0;32mI (76) boot: End of partition table[0m
[0;32mI (80) esp_image: segment 0: paddr=00010020 vaddr=3f400020 size=0b4b8h ( 46264) map[0m
[0;32mI (103) esp_image: segment 1: paddr=0001b4e0 vaddr=3ff80000 size=0001ch (    28) load[0m
[0;32mI (103) esp_image: segment 2: paddr=0001b504 vaddr=3ffb0000 size=02384h (  9092) load[0m
[0;32mI (110) esp_image: segment 3: paddr=0001d890 vaddr=40080000 size=02788h ( 10120) load[0m
[0;32mI (118) esp_image: segment 4: paddr=00020020 vaddr=400d0020 size=173a0h ( 95136) map[0m
[0;32mI (155) esp_image: segment 5: paddr=000373c8 vaddr=40082788 size=0b494h ( 46228) load[0m
[0;32mI (179) boot: Loaded app from partition at offset 0x10000[0m
[0;32mI (180) boot: Disabling RNG early entropy source...[0m
[0;32mI (190) cpu_start: Multicore app[0m
[0;32mI (198) cpu_start: Pro cpu start user code[0m
[0;32mI (198) cpu_start: cpu freq: 160000000 Hz[0m
[0;32mI (198) app_init: Application information:[0m
[0;32mI (201) app_init: Project name:     SignSpeak[0m
[0;32mI (206) app_init: App version:      9b8ef92-dirty[0m
[0;32mI (212) app_init: Compile time:     Apr 11 2025 18:03:46[0m
[0;32mI (218) app_init: ELF file SHA256:  1ac954b0bfc7c0f7...[0m
[0;32mI (224) app_init: ESP-IDF:          v5.5-dev-2657-g23c73cdc37[0m
[0;32mI (230) efuse_init: Min chip rev:     v0.0[0m
[0;32mI (235) efuse_init: Max chip rev:     v3.99 [0m
[0;32mI (240) efuse_init: Chip rev:         v1.0[0m
[0;32mI (245) heap_init: Initializing. RAM available for dynamic allocation:[0m
[0;32mI (252) heap_init: At 3FFAE6E0 len 00001920 (6 KiB): DRAM[0m
[0;32mI (258) heap_init: At 3FFB2C78 len 0002D388 (180 KiB): DRAM[0m
[0;32mI (264) heap_init: At 3FFE0440 len 00003AE0 (14 KiB): D/IRAM[0m
[0;32mI (270) heap_init: At 3FFE4350 len 0001BCB0 (111 KiB): D/IRAM[0m
[0;32mI (277) heap_init: At 4008DC1C len 000123E4 (72 KiB): IRAM[0m
[0;32mI (285) spi_flash: detected chip: generic[0m
[0;32mI (288) spi_flash: flash io: dio[0m
[0;33mW (292) spi_flash: Detected size(4096k) larger than the size in the binary image header(2048k). Using the size in the binary image header.[0m
[0;32mI (305) main_task: Started on CPU0[0m
[0;32mI (315) main_task: Calling app_main()[0m
[0;32mI (315) FLEX_DFPLAYER: Initializing Flex Sensors and DFPlayer...[0m
[0;32mI (3315) FLEX_DFPLAYER: Thumb: 1360, Index: 1315, Middle: 0, Ring: 0, Pinky: 1586[0m
[0;32mI (4615) FLEX_DFPLAYER: Thumb: 1428, Index: 0, Middle: 0, Ring: 0, Pinky: 1600[0m
[0;32mI (4615) FLEX_DFPLAYER: Playing file 0002.mp3[0m
[0;32mI (6115) FLEX_DFPLAYER: Thumb: 1479, Index: 0, Middle: 0, Ring: 0, Pinky: 1620[0m
[0;32mI (7415) FLEX_DFPLAYER: Thumb: 1366, Index: 0, Middle: 0, Ring: 0, Pinky: 1617[0m
[0;32mI (8715) FLEX_DFPLAYER: Thumb: 1369, Index: 0, Middle: 0, Ring: 0, Pinky: 1619[0m
[0;32mI (10015) FLEX_DFPLAYER: Thumb: 1371, Index: 0, Middle: 0, Ring: 0, Pinky: 1623[0m
[0;32mI (11315) FLEX_DFPLAYER: Thumb: 1374, Index: 0, Middle: 0, Ring: 0, Pinky: 1622[0m
[0;32mI (12615) FLEX_DFPLAYER: Thumb: 1372, Index: 0, Middle: 0, Ring: 0, Pinky: 1622[0m
[0;32mI (13915) FLEX_DFPLAYER: Thumb: 1374, Index: 0, Middle: 0, Ring: 0, Pinky: 1625[0m
[0;32mI (15215) FLEX_DFPLAYER: Thumb: 1374, Index: 0, Middle: 0, Ring: 0, Pinky: 1626[0m
[0;32mI (16515) FLEX_DFPLAYER: Thumb: 1373, Index: 0, Middle: 0, Ring: 0, Pinky: 1627[0m
[0;32mI (17815) FLEX_DFPLAYER: Thumb: 1375, Index: 0, Middle: 0, Ring: 0, Pinky: 1626[0m
[0;32mI (19115) FLEX_DFPLAYER: Thumb: 1376, Index: 0, Middle: 0, Ring: 0, Pinky: 1627[0m
[0;32mI (20415) FLEX_DFPLAYER: Thumb: 1374, Index: 1314, Middle: 0, Ring: 0, Pinky: 1626[0m
[0;32mI (21715) FLEX_DFPLAYER: Thumb: 1374, Index: 1319, Middle: 0, Ring: 0, Pinky: 1623[0m
[0;32mI (23015) FLEX_DFPLAYER: Thumb: 1322, Index: 1401, Middle: 0, Ring: 0, Pinky: 1625[0m
[0;32mI (23015) FLEX_DFPLAYER: Playing file 0001.mp3[0m
[0;32mI (24515) FLEX_DFPLAYER: Thumb: 1358, Index: 1399, Middle: 0, Ring: 0, Pinky: 1664[0m
[0;32mI (25815) FLEX_DFPLAYER: Thumb: 1351, Index: 0, Middle: 0, Ring: 0, Pinky: 1807[0m
[0;32mI (25815) FLEX_DFPLAYER: Playing file 0005.mp3[0m
[0;32mI (27315) FLEX_DFPLAYER: Thumb: 1387, Index: 0, Middle: 0, Ring: 0, Pinky: 1531[0m
[0;32mI (28615) FLEX_DFPLAYER: Thumb: 1425, Index: 0, Middle: 0, Ring: 0, Pinky: 1534[0m
[0;32mI (28615) FLEX_DFPLAYER: Playing file 0002.mp3[0m
[0;32mI (30115) FLEX_DFPLAYER: Thumb: 1465, Index: 1004, Middle: 0, Ring: 0, Pinky: 1573[0m
[0;32mI (31415) FLEX_DFPLAYER: Thumb: 1299, Index: 1408, Middle: 0, Ring: 0, Pinky: 1583[0m
[0;32mI (31415) FLEX_DFPLAYER: Playing file 0001.mp3[0m
[0;32mI (32915) FLEX_DFPLAYER: Thumb: 1360, Index: 1388, Middle: 0, Ring: 0, Pinky: 1623[0m
[0;32mI (34215) FLEX_DFPLAYER: Thumb: 1351, Index: 1340, Middle: 0, Ring: 0, Pinky: 1625[0m
