1b9cc vaddr=40080000 size=0464ch ( 17996) load[0m
[0;32mI (139) esp_image: segment 4: paddr=00020020 vadï¿½ets Jun  8 2016 00:22:57

rst:0x1 (POWERON_RESET),boot:0x13 (SPI_FAST_FLASH_BOOT)
configsip: 0, SPIWP:0xee
clk_drv:0x00,q_drv:0x00,d_drv:0x00,cs0_drv:0x00,hd_drv:0x00,wp_drv:0x00
mode:DIO, clock div:2
load:0x3fff0030,len:7128
load:0x40078000,len:15672
load:0x40080400,len:4
load:0x40080404,len:3876
entry 0x4008064c
[0;32mI (29) boot: ESP-IDF v5.1.5-572-g8034b50d33 2nd stage bootloader[0m
[0;32mI (29) boot: compile time Mar 13 2025 11:42:48[0m
[0;32mI (30) boot: Multicore bootloader[0m
[0;32mI (34) boot: chip revision: v1.0[0m
[0;32mI (38) boot.esp32: SPI Speed      : 40MHz[0m
[0;32mI (43) boot.esp32: SPI Mode       : DIO[0m
[0;32mI (47) boot.esp32: SPI Flash Size : 2MB[0m
[0;32mI (52) boot: Enabling RNG early entropy source...[0m
[0;32mI (57) boot: Partition Table:[0m
[0;32mI (61) boot: ## Label            Usage          Type ST Offset   Length[0m
[0;32mI (68) boot:  0 nvs              WiFi data        01 02 00009000 00006000[0m
[0;32mI (76) boot:  1 phy_init         RF data          01 01 0000f000 00001000[0m
[0;32mI (83) boot:  2 factory          factory app      00 00 00010000 00100000[0m
[0;32mI (91) boot: End of partition table[0m
[0;32mI (95) esp_image: segment 0: paddr=00010020 vaddr=3f400020 size=09868h ( 39016) map[0m
[0;32mI (117) esp_image: segment 1: paddr=00019890 vaddr=3ff80000 size=00004h (     4) load[0m
[0;32mI (118) esp_image: segment 2: paddr=0001989c vaddr=3ffb0000 size=02128h (  8488) load[0m
[0;32mI (127) esp_image: segment 3: paddr=0001b9cc vaddr=40080000 size=0464ch ( 17996) load[0m
[0;32mI (139) esp_image: segment 4: paddr=00020020 vaddr=400d0020 size=14d10h ( 85264) map[0m
[0;32mI (171) esp_image: segment 5: paddr=00034d38 vaddr=4008464c size=07938h ( 31032) load[0m
[0;32mI (190) boot: Loaded app from partition at offset 0x10000[0m
[0;32mI (190) boot: Disabling RNG early entropy source...[0m
[0;32mI (202) cpu_start: Multicore app[0m
[0;32mI (203) cpu_start: Pro cpu up.[0m
[0;32mI (203) cpu_start: Starting app cpu, entry point is 0x4008110c[0m
[0;32mI (0) cpu_start: App cpu up.[0m
[0;32mI (220) cpu_start: Pro cpu start user code[0m
[0;32mI (220) cpu_start: cpu freq: 160000000 Hz[0m
[0;32mI (220) cpu_start: Application information:[0m
[0;32mI (225) cpu_start: Project name:     SignSpeak[0m
[0;32mI (230) cpu_start: App version:      1[0m
[0;32mI (234) cpu_start: Compile time:     Mar 13 2025 11:42:40[0m
[0;32mI (241) cpu_start: ELF file SHA256:  b3f5ad98567765ee...[0m
[0;32mI (247) cpu_start: ESP-IDF:          v5.1.5-572-g8034b50d33[0m
[0;32mI (253) cpu_start: Min chip rev:     v0.0[0m
[0;32mI (257) cpu_start: Max chip rev:     v3.99 [0m
[0;32mI (262) cpu_start: Chip rev:         v1.0[0m
[0;32mI (267) heap_init: Initializing. RAM available for dynamic allocation:[0m
[0;32mI (274) heap_init: At 3FFAE6E0 len 00001920 (6 KiB): DRAM[0m
[0;32mI (280) heap_init: At 3FFB29E0 len 0002D620 (181 KiB): DRAM[0m
[0;32mI (287) heap_init: At 3FFE0440 len 00003AE0 (14 KiB): D/IRAM[0m
[0;32mI (293) heap_init: At 3FFE4350 len 0001BCB0 (111 KiB): D/IRAM[0m
[0;32mI (299) heap_init: At 4008BF84 len 0001407C (80 KiB): IRAM[0m
[0;32mI (307) spi_flash: detected chip: generic[0m
[0;32mI (310) spi_flash: flash io: dio[0m
[0;33mW (314) spi_flash: Detected size(4096k) larger than the size in the binary image header(2048k). Using the size in the binary image header.[0m
[0;32mI (328) app_start: Starting scheduler on CPU0[0m
[0;32mI (332) app_start: Starting scheduler on CPU1[0m
[0;32mI (332) main_task: Started on CPU0[0m
[0;32mI (342) main_task: Calling app_main()[0m
[0;32mI (342) FLEX_SENSOR: Flex Sensor ADC Value: 1407[0m
[0;32mI (842) FLEX_SENSOR: Flex Sensor ADC Value: 1503[0m
[0;32mI (1342) FLEX_SENSOR: Flex Sensor ADC Value: 1503[0m
[0;32mI (1842) FLEX_SENSOR: Flex Sensor ADC Value: 1505[0m
[0;32mI (2342) FLEX_SENSOR: Flex Sensor ADC Value: 1506[0m
[0;32mI (2842) FLEX_SENSOR: Flex Sensor ADC Value: 1497[0m
[0;32mI (3342) FLEX_SENSOR: Flex Sensor ADC Value: 1504[0m
[0;32mI (3842) FLEX_SENSOR: Flex Sensor ADC Value: 1503[0m
[0;32mI (4342) FLEX_SENSOR: Flex Sensor ADC Value: 1470[0m
[0;32mI (4842) FLEX_SENSOR: Flex Sensor ADC Value: 1493[0m
[0;32mI (5342) FLEX_SENSOR: Flex Sensor ADC Value: 1479[0m
[0;32mI (5842) FLEX_SENSOR: Flex Sensor ADC Value: 1429[0m
[0;32mI (6342) FLEX_SENSOR: Flex Sensor ADC Value: 1441[0m
[0;32mI (6842) FLEX_SENSOR: Flex Sensor ADC Value: 1230[0m
[0;32mI (7342) FLEX_SENSOR: Flex Sensor ADC Value: 1399[0m
[0;32mI (7842) FLEX_SENSOR: Flex Sensor ADC Value: 1248[0m
[0;32mI (8342) FLEX_SENSOR: Flex Sensor ADC Value: 1228[0m
[0;32mI (8842) FLEX_SENSOR: Flex Sensor ADC Value: 1339[0m
[0;32mI (9342) FLEX_SENSOR: Flex Sensor ADC Value: 1313[0m
[0;32mI (9842) FLEX_SENSOR: Flex Sensor ADC Value: 1479[0m
[0;32mI (10342) FLEX_SENSOR: Flex Sensor ADC Value: 1482[0m
[0;32mI (10842) FLEX_SENSOR: Flex Sensor ADC Value: 1488[0m
[0;32mI (11342) FLEX_SENSOR: Flex Sensor ADC Value: 1487[0m
[0;32mI (11842) FLEX_SENSOR: Flex Sensor ADC Value: 1489[0m
[0;32mI (12342) FLEX_SENSOR: Flex Sensor ADC Value: 1488[0m
[0;32mI (12842) FLEX_SENSOR: Flex Sensor ADC Value: 1489[0m
[0;32mI (13342) FLEX_SENSOR: Flex Sensor ADC Value: 1501[0m
[0;32mI (13842) FLEX_SENSOR: Flex Sensor ADC Value: 1490[0m
[0;32mI (14342) FLEX_SENSOR: Flex Sensor ADC Value: 1489[0m
[0;32mI (14842) FLEX_SENSOR: Flex Sensor ADC Value: 1485[0m
[0;32mI (15342) FLEX_SENSOR: Flex Sensor ADC Value: 1488[0m
[0;32mI (15842) FLEX_SENSOR: Flex Sensor ADC Value: 1491[0m
[0;32mI (16342) FLEX_SENSOR: Flex Sensor ADC Value: 1491[0m
[0;32mI (16842) FLEX_SENSOR: Flex Sensor ADC Value: 1495[0m
[0;32mI (17342) FLEX_SENSOR: Flex Sensor ADC Value: 1491[0m
[0;32mI (17842) FLEX_SENSOR: Flex Sensor ADC Value: 1492[0m
[0;32mI (18342) FLEX_SENSOR: Flex Sensor ADC Value: 1490[0m
[0;32mI (18842) FLEX_SENSOR: Flex Sensor ADC Value: 1489[0m
[0;32mI (19342) FLEX_SENSOR: Flex Sensor ADC Value: 1488[0m
[0;32mI (19842) FLEX_SENSOR: Flex Sensor ADC Value: 1493[0m
[0;32mI (20342) FLEX_SENSOR: Flex Sensor ADC Value: 1501[0m
[0;32mI (20842) FLEX_SENSOR: Flex Sensor ADC Value: 1439[0m
[0;32mI (21342) FLEX_SENSOR: Flex Sensor ADC Value: 1417[0m
[0;32mI (21842) FLEX_SENSOR: Flex Sensor ADC Value: 1440[0m
[0;32mI (22342) FLEX_SENSOR: Flex Sensor ADC Value: 1432[0m
[0;32mI (22842) FLEX_SENSOR: Flex Sensor ADC Value: 1389[0m
[0;32mI (23342) FLEX_SENSOR: Flex Sensor ADC Value: 1435[0m
[0;32mI (23842) FLEX_SENSOR: Flex Sensor ADC Value: 1357[0m
[0;32mI (24342) FLEX_SENSOR: Flex Sensor ADC Value: 1374[0m
[0;32mI (24842) FLEX_SENSOR: Flex Sensor ADC Value: 1360[0m
[0;32mI (25342) FLEX_SENSOR: Flex Sensor ADC Value: 1369[0m
[0;32mI (25842) FLEX_SENSOR: Flex Sensor ADC Value: 1361[0m
[0;32mI (26342) FLEX_SENSOR: Flex Sensor ADC Value: 1370[0m
[0;32mI (26842) FLEX_SENSOR: Flex Sensor ADC Value: 1376[0m
[0;32mI (27342) FLEX_SENSOR: Flex Sensor ADC Value: 1376[0m
[0;32mI (27842) FLEX_SENSOR: Flex Sensor ADC Value: 1360[0m
[0;32mI (28342) FLEX_SENSOR: Flex Sensor ADC Value: 1375[0m
[0;32mI (28842) FLEX_SENSOR: Flex Sensor ADC Value: 1376[0m
[0;32mI (29342) FLEX_SENSOR: Flex Sensor ADC Value: 1365[0m
[0;32mI (29842) FLEX_SENSOR: Flex Sensor ADC Value: 1371[0m
[0;32mI (30342) FLEX_SENSOR: Flex Sensor ADC Value: 1382[0m
[0;32mI (30842) FLEX_SENSOR: Flex Sensor ADC Value: 1475[0m
[0;32mI (31342) FLEX_SENSOR: Flex Sensor ADC Value: 1517[0m
[0;32mI (31842) FLEX_SENSOR: Flex Sensor ADC Value: 1482[0m
[0;32mI (32342) FLEX_SENSOR: Flex Sensor ADC Value: 1530[0m
[0;32mI (32842) FLEX_SENSOR: Flex Sensor ADC Value: 1497[0m
[0;32mI (33342) FLEX_SENSOR: Flex Sensor ADC Value: 1506[0m
[0;32mI (33842) FLEX_SENSOR: Flex Sensor ADC Value: 1449[0m
[0;32mI (34342) FLEX_SENSOR: Flex Sensor ADC Value: 1487[0m
[0;32mI (34842) FLEX_SENSOR: Flex Sensor ADC Value: 1520[0m
[0;32mI (35342) FLEX_SENSOR: Flex Sensor ADC Value: 1553[0m
[0;32mI (35842) FLEX_SENSOR: Flex Sensor ADC Value: 1519[0m
[0;32mI (36342) FLEX_SENSOR: Flex Sensor ADC Value: 1520[0m
[0;32mI (36842) FLEX_SENSOR: Flex Sensor ADC Value: 1530[0m
[0;32mI (37342) FLEX_SENSOR: Flex Sensor ADC Value: 1524[0m
[0;32mI (37842) FLEX_SENSOR: Flex Sensor ADC Value: 1515[0m
[0;32mI (38342) FLEX_SENSOR: Flex Sensor ADC Value: 1534[0m
[0;32mI (38842) FLEX_SENSOR: Flex Sensor ADC Value: 1529[0m
[0;32mI (39342) FLEX_SENSOR: Flex Sensor ADC Value: 1467[0m
[0;32mI (39842) FLEX_SENSOR: Flex Sensor ADC Value: 1510[0m
[0;32mI (40342) FLEX_SENSOR: Flex Sensor ADC Value: 1463[0m
[0;32mI (40842) FLEX_SENSOR: Flex Sensor ADC Value: 1408[0m
[0;32mI (41342) FLEX_SENSOR: Flex Sensor ADC Value: 1401[0m
[0;32mI (41842) FLEX_SENSOR: Flex Sensor ADC Value: 1403[0m
[0;32mI (42342) FLEX_SENSOR: Flex Sensor ADC Value: 1355[0m
[0;32mI (42842) FLEX_SENSOR: Flex Sensor ADC Value: 1405[0m
[0;32mI (43342) FLEX_SENSOR: Flex Sensor ADC Value: 1258[0m
[0;32mI (43842) FLEX_SENSOR: Flex Sensor ADC Value: 1407[0m
[0;32mI (44342) FLEX_SENSOR: Flex Sensor ADC Value: 1450[0m
[0;32mI (44842) FLEX_SENSOR: Flex Sensor ADC Value: 1312[0m
[0;32mI (45342) FLEX_SENSOR: Flex Sensor ADC Value: 1427[0m
[0;32mI (45842) FLEX_SENSOR: Flex Sensor ADC Value: 1340[0m
[0;32mI (46342) FLEX_SENSOR: Flex Sensor ADC Value: 1290[0m
[0;32mI (46842) FLEX_SENSOR: Flex Sensor ADC Value: 1683[0m
[0;32mI (47342) FLEX_SENSOR: Flex Sensor ADC Value: 1478[0m
[0;32mI (47842) FLEX_SENSOR: Flex Sensor ADC Value: 1479[0m
[0;32mI (48342) FLEX_SENSOR: Flex Sensor ADC Value: 1472[0m
[0;32mI (48842) FLEX_SENSOR: Flex Sensor ADC Value: 1472[0m
[0;32mI (49342) FLEX_SENSOR: Flex Sensor ADC Value: 1507[0m
[0;32mI (49842) FLEX_SENSOR: Flex Sensor ADC Value: 1488[0m
[0;32mI (50342) FLEX_SENSOR: Flex Sensor ADC Value: 1475[0m
[0;32mI (50842) FLEX_SENSOR: Flex Sensor ADC Value: 1489[0m
[0;32mI (51342) FLEX_SENSOR: Flex Sensor ADC Value: 1488[0m
[0;32mI (51842) FLEX_SENSOR: Flex Sensor ADC Value: 1484[0m
[0;32mI (52342) FLEX_SENSOR: Flex Sensor ADC Value: 1488[0m
