d[0m
[0;32mI (127) esp_image: segment 3: paddr=0001be84 vaddr=40080000 size=04194h ( 16788) load[0m
[0;32mI (138) esp_image: seï¿½ets Jun  8 2016 00:22:57

rst:0x1 (POWERON_RESET),boot:0x13 (SPI_FAST_FLASH_BOOT)
configsip: 0, SPIWP:0xee
clk_drv:0x00,q_drv:0x00,d_drv:0x00,cs0_drv:0x00,hd_drv:0x00,wp_drv:0x00
mode:DIO, clock div:2
load:0x3fff0030,len:7172
load:0x40078000,len:15620
load:0x40080400,len:4
ho 8 tail 4 room 4
load:0x40080404,len:3904
entry 0x40080640
[0;32mI (31) boot: ESP-IDF v5.2.5 2nd stage bootloader[0m
[0;32mI (31) boot: compile time Mar 22 2025 14:03:01[0m
[0;32mI (31) boot: Multicore bootloader[0m
[0;32mI (35) boot: chip revision: v1.0[0m
[0;32mI (39) boot.esp32: SPI Speed      : 40MHz[0m
[0;32mI (43) boot.esp32: SPI Mode       : DIO[0m
[0;32mI (48) boot.esp32: SPI Flash Size : 2MB[0m
[0;32mI (52) boot: Enabling RNG early entropy source...[0m
[0;32mI (58) boot: Partition Table:[0m
[0;32mI (61) boot: ## Label            Usage          Type ST Offset   Length[0m
[0;32mI (69) boot:  0 nvs              WiFi data        01 02 00009000 00006000[0m
[0;32mI (76) boot:  1 phy_init         RF data          01 01 0000f000 00001000[0m
[0;32mI (84) boot:  2 factory          factory app      00 00 00010000 00100000[0m
[0;32mI (91) boot: End of partition table[0m
[0;32mI (95) esp_image: segment 0: paddr=00010020 vaddr=3f400020 size=09c1ch ( 39964) map[0m
[0;32mI (117) esp_image: segment 1: paddr=00019c44 vaddr=3ff80000 size=00004h (     4) load[0m
[0;32mI (118) esp_image: segment 2: paddr=00019c50 vaddr=3ffb0000 size=0222ch (  8748) load[0m
[0;32mI (127) esp_image: segment 3: paddr=0001be84 vaddr=40080000 size=04194h ( 16788) load[0m
[0;32mI (138) esp_image: segment 4: paddr=00020020 vaddr=400d0020 size=14a20h ( 84512) map[0m
[0;32mI (169) esp_image: segment 5: paddr=00034a48 vaddr=40084194 size=084d4h ( 34004) load[0m
[0;32mI (189) boot: Loaded app from partition at offset 0x10000[0m
[0;32mI (189) boot: Disabling RNG early entropy source...[0m
[0;32mI (201) cpu_start: Multicore app[0m
[0;32mI (210) cpu_start: Pro cpu start user code[0m
[0;32mI (210) cpu_start: cpu freq: 160000000 Hz[0m
[0;32mI (210) cpu_start: Application information:[0m
[0;32mI (213) cpu_start: Project name:     SignSpeak[0m
[0;32mI (218) cpu_start: App version:      1f3e926-dirty[0m
[0;32mI (223) cpu_start: Compile time:     Mar 22 2025 18:15:07[0m
[0;32mI (230) cpu_start: ELF file SHA256:  2f57e54010fdc2f0...[0m
[0;32mI (235) cpu_start: ESP-IDF:          v5.2.5[0m
[0;32mI (240) cpu_start: Min chip rev:     v0.0[0m
[0;32mI (245) cpu_start: Max chip rev:     v3.99 [0m
[0;32mI (250) cpu_start: Chip rev:         v1.0[0m
[0;32mI (255) heap_init: Initializing. RAM available for dynamic allocation:[0m
[0;32mI (262) heap_init: At 3FFAE6E0 len 00001920 (6 KiB): DRAM[0m
[0;32mI (268) heap_init: At 3FFB2B40 len 0002D4C0 (181 KiB): DRAM[0m
[0;32mI (274) heap_init: At 3FFE0440 len 00003AE0 (14 KiB): D/IRAM[0m
[0;32mI (280) heap_init: At 3FFE4350 len 0001BCB0 (111 KiB): D/IRAM[0m
[0;32mI (287) heap_init: At 4008C668 len 00013998 (78 KiB): IRAM[0m
[0;32mI (295) spi_flash: detected chip: generic[0m
[0;32mI (298) spi_flash: flash io: dio[0m
[0;33mW (302) spi_flash: Detected size(4096k) larger than the size in the binary image header(2048k). Using the size in the binary image header.[0m
[0;32mI (315) main_task: Started on CPU0[0m
[0;32mI (325) main_task: Calling app_main()[0m
[0;32mI (575) FLEX_SENSOR: Flex1 Sensor Changed! New Value: 94[0m
[0;32mI (575) FLEX_SENSOR: Flex2 Sensor Changed! New Value: 162[0m
[0;32mI (925) FLEX_SENSOR: Flex3 Sensor Changed! New Value: 34[0m
[0;32mI (1275) FLEX_SENSOR: Flex3 Sensor Changed! New Value: 1[0m
[0;32mI (1625) FLEX_SENSOR: Flex3 Sensor Changed! New Value: 30[0m
[0;32mI (1975) FLEX_SENSOR: Flex3 Sensor Changed! New Value: 6[0m
[0;32mI (2325) FLEX_SENSOR: Flex3 Sensor Changed! New Value: 22[0m
[0;32mI (3375) FLEX_SENSOR: Flex3 Sensor Changed! New Value: 11[0m
[0;32mI (5475) FLEX_SENSOR: Flex2 Sensor Changed! New Value: 149[0m
[0;32mI (5825) FLEX_SENSOR: Flex2 Sensor Changed! New Value: 164[0m
[0;32mI (6175) FLEX_SENSOR: Flex2 Sensor Changed! New Value: 153[0m
[0;32mI (6525) FLEX_SENSOR: Flex2 Sensor Changed! New Value: 165[0m
[0;32mI (6875) FLEX_SENSOR: Flex2 Sensor Changed! New Value: 150[0m
[0;32mI (6875) FLEX_SENSOR: Flex3 Sensor Changed! New Value: 33[0m
[0;32mI (7225) FLEX_SENSOR: Flex2 Sensor Changed! New Value: 163[0m
[0;32mI (7225) FLEX_SENSOR: Flex3 Sensor Changed! New Value: 17[0m
[0;32mI (7575) FLEX_SENSOR: Flex2 Sensor Changed! New Value: 152[0m
[0;32mI (7925) FLEX_SENSOR: Flex2 Sensor Changed! New Value: 166[0m
[0;32mI (7925) FLEX_SENSOR: Flex3 Sensor Changed! New Value: 5[0m
[0;32mI (8275) FLEX_SENSOR: Flex2 Sensor Changed! New Value: 153[0m
[0;32mI (11425) FLEX_SENSOR: Flex3 Sensor Changed! New Value: 21[0m
[0;32mI (11775) FLEX_SENSOR: Flex3 Sensor Changed! New Value: 3[0m
[0;32mI (12125) FLEX_SENSOR: Flex3 Sensor Changed! New Value: 19[0m
[0;32mI (12475) FLEX_SENSOR: Flex2 Sensor Changed! New Value: 166[0m
[0;32mI (12475) FLEX_SENSOR: Flex3 Sensor Changed! New Value: 4[0m
[0;32mI (12825) FLEX_SENSOR: Flex2 Sensor Changed! New Value: 151[0m
[0;32mI (12825) FLEX_SENSOR: Flex3 Sensor Changed! New Value: 21[0m
[0;32mI (13175) FLEX_SENSOR: Flex2 Sensor Changed! New Value: 164[0m
[0;32mI (13175) FLEX_SENSOR: Flex3 Sensor Changed! New Value: 3[0m
[0;32mI (13525) FLEX_SENSOR: Flex3 Sensor Changed! New Value: 16[0m
[0;32mI (15625) FLEX_SENSOR: Flex1 Sensor Changed! New Value: 83[0m
[0;32mI (15975) FLEX_SENSOR: Flex1 Sensor Changed! New Value: 96[0m
[0;32mI (16675) FLEX_SENSOR: Flex2 Sensor Changed! New Value: 152[0m
[0;32mI (17725) FLEX_SENSOR: Flex2 Sensor Changed! New Value: 163[0m
[0;32mI (18075) FLEX_SENSOR: Flex2 Sensor Changed! New Value: 150[0m
[0;32mI (18425) FLEX_SENSOR: Flex1 Sensor Changed! New Value: 80[0m
[0;32mI (18425) FLEX_SENSOR: Flex2 Sensor Changed! New Value: 165[0m
[0;32mI (18425) FLEX_SENSOR: Flex3 Sensor Changed! New Value: 3[0m
[0;32mI (18775) FLEX_SENSOR: Flex1 Sensor Changed! New Value: 99[0m
[0;32mI (18775) FLEX_SENSOR: Flex2 Sensor Changed! New Value: 152[0m
[0;32mI (18775) FLEX_SENSOR: Flex3 Sensor Changed! New Value: 25[0m
[0;32mI (19125) FLEX_SENSOR: Flex1 Sensor Changed! New Value: 88[0m
[0;32mI (19125) FLEX_SENSOR: Flex3 Sensor Changed! New Value: 5[0m
[0;32mI (19475) FLEX_SENSOR: Flex3 Sensor Changed! New Value: 20[0m
[0;32mI (19825) FLEX_SENSOR: Flex3 Sensor Changed! New Value: 6[0m
[0;32mI (20175) FLEX_SENSOR: Flex3 Sensor Changed! New Value: 22[0m
[0;32mI (21575) FLEX_SENSOR: Flex3 Sensor Changed! New Value: 3[0m
[0;32mI (21925) FLEX_SENSOR: Flex3 Sensor Changed! New Value: 17[0m
[0;32mI (23325) FLEX_SENSOR: Flex1 Sensor Changed! New Value: 101[0m
[0;32mI (23675) FLEX_SENSOR: Flex3 Sensor Changed! New Value: 6[0m
[0;32mI (24375) FLEX_SENSOR: Flex1 Sensor Changed! New Value: 86[0m
[0;32mI (24725) FLEX_SENSOR: Flex1 Sensor Changed! New Value: 99[0m
[0;32mI (24725) FLEX_SENSOR: Flex3 Sensor Changed! New Value: 31[0m
[0;32mI (25075) FLEX_SENSOR: Flex3 Sensor Changed! New Value: 19[0m
[0;32mI (25775) FLEX_SENSOR: Flex3 Sensor Changed! New Value: 6[0m
[0;32mI (27875) FLEX_SENSOR: Flex3 Sensor Changed! New Value: 19[0m
[0;32mI (28925) FLEX_SENSOR: Flex1 Sensor Changed! New Value: 85[0m
[0;32mI (29275) FLEX_SENSOR: Flex1 Sensor Changed! New Value: 99[0m
[0;32mI (29625) FLEX_SENSOR: Flex3 Sensor Changed! New Value: 4[0m
[0;32mI (29975) FLEX_SENSOR: Flex3 Sensor Changed! New Value: 16[0m
[0;32mI (30325) FLEX_SENSOR: Flex1 Sensor Changed! New Value: 81[0m
[0;32mI (30325) FLEX_SENSOR: Flex3 Sensor Changed! New Value: 0[0m
[0;32mI (30675) FLEX_SENSOR: Flex1 Sensor Changed! New Value: 98[0m
[0;32mI (30675) FLEX_SENSOR: Flex3 Sensor Changed! New Value: 22[0m
[0;32mI (31025) FLEX_SENSOR: Flex3 Sensor Changed! New Value: 0[0m
[0;32mI (31375) FLEX_SENSOR: Flex3 Sensor Changed! New Value: 17[0m
[0;32mI (31725) FLEX_SENSOR: Flex3 Sensor Changed! New Value: 6[0m
[0;32mI (35575) FLEX_SENSOR: Flex1 Sensor Changed! New Value: 81[0m
[0;32mI (35925) FLEX_SENSOR: Flex1 Sensor Changed! New Value: 99[0m
[0;32mI (35925) FLEX_SENSOR: Flex3 Sensor Changed! New Value: 26[0m
[0;32mI (36275) FLEX_SENSOR: Flex1 Sensor Changed! New Value: 87[0m
[0;32mI (36275) FLEX_SENSOR: Flex2 Sensor Changed! New Value: 163[0m
[0;32mI (36275) FLEX_SENSOR: Flex3 Sensor Changed! New Value: 11[0m
[0;32mI (36625) FLEX_SENSOR: Flex2 Sensor Changed! New Value: 150[0m
[0;32mI (36625) FLEX_SENSOR: Flex3 Sensor Changed! New Value: 31[0m
[0;32mI (36975) FLEX_SENSOR: Flex3 Sensor Changed! New Value: 16[0m
[0;32mI (37325) FLEX_SENSOR: Flex3 Sensor Changed! New Value: 31[0m
[0;32mI (37675) FLEX_SENSOR: Flex3 Sensor Changed! New Value: 5[0m
[0;32mI (38025) FLEX_SENSOR: Flex1 Sensor Changed! New Value: 99[0m
[0;32mI (38025) FLEX_SENSOR: Flex3 Sensor Changed! New Value: 23[0m
[0;32mI (38375) FLEX_SENSOR: Flex3 Sensor Changed! New Value: 10[0m
[0;32mI (39075) FLEX_SENSOR: Flex3 Sensor Changed! New Value: 23[0m
[0;32mI (39425) FLEX_SENSOR: Flex3 Sensor Changed! New Value: 9[0m
[0;32mI (39775) FLEX_SENSOR: Flex3 Sensor Changed! New Value: 21[0m
[0;32mI (40825) FLEX_SENSOR: Flex1 Sensor Changed! New Value: 82[0m
[0;32mI (40825) FLEX_SENSOR: Flex2 Sensor Changed! New Value: 161[0m
[0;32mI (41175) FLEX_SENSOR: Flex1 Sensor Changed! New Value: 99[0m
[0;32mI (41175) FLEX_SENSOR: Flex2 Sensor Changed! New Value: 149[0m
[0;32mI (41525) FLEX_SENSOR: Flex2 Sensor Changed! New Value: 161[0m
[0;32mI (41525) FLEX_SENSOR: Flex3 Sensor Changed! New Value: 2[0m
[0;32mI (41875) FLEX_SENSOR: Flex3 Sensor Changed! New Value: 23[0m
[0;32mI (42225) FLEX_SENSOR: Flex1 Sensor Changed! New Value: 85[0m
[0;32mI (42225) FLEX_SENSOR: Flex3 Sensor Changed! New Value: 7[0m
[0;32mI (42575) FLEX_SENSOR: Flex1 Sensor Changed! New Value: 98[0m
[0;32mI (42575) FLEX_SENSOR: Flex3 Sensor Changed! New Value: 20[0m
[0;32mI (42925) FLEX_SENSOR: Flex3 Sensor Changed! New Value: 3[0m
[0;32mI (43975) FLEX_SENSOR: Flex1 Sensor Changed! New Value: 87[0m
[0;32mI (43975) FLEX_SENSOR: Flex3 Sensor Changed! New Value: 16[0m
[0;32mI (44675) FLEX_SENSOR: Flex1 Sensor Changed! New Value: 98[0m
[0;32mI (44675) FLEX_SENSOR: Flex3 Sensor Changed! New Value: 29[0m
[0;32mI (45025) FLEX_SENSOR: Flex3 Sensor Changed! New Value: 11[0m
[0;32mI (46425) FLEX_SENSOR: Flex2 Sensor Changed! New Value: 150[0m
[0;32mI (46775) FLEX_SENSOR: Flex2 Sensor Changed! New Value: 161[0m
[0;32mI (47125) FLEX_SENSOR: Flex2 Sensor Changed! New Value: 149[0m
[0;32mI (47125) FLEX_SENSOR: Flex3 Sensor Changed! New Value: 23[0m
[0;32mI (47475) FLEX_SENSOR: Flex3 Sensor Changed! New Value: 0[0m
[0;32mI (47825) FLEX_SENSOR: Flex3 Sensor Changed! New Value: 22[0m
[0;32mI (48175) FLEX_SENSOR: Flex1 Sensor Changed! New Value: 83[0m
[0;32mI (48525) FLEX_SENSOR: Flex1 Sensor Changed! New Value: 96[0m
