Command: /home/bhavesh/.espressif/python_env/idf5.5_py3.10_env/bin/python /home/bhavesh/esp/esp-idf/tools/idf_monitor.py -p /dev/ttyUSB0 -b 115200 --toolchain-prefix xtensa-esp32-elf- --target esp32 --revision 0 /home/bhavesh/Talk-To-My-Hand/build/SignSpeak.elf /home/bhavesh/Talk-To-My-Hand/build/bootloader/bootloader.elf -m '/home/bhavesh/.espressif/python_env/idf5.5_py3.10_env/bin/python' '/home/bhavesh/esp/esp-idf/tools/idf.py' '-p' '/dev/ttyUSB0'
[0;32mI (190) cpu_start: Multicore app[0m
[0;32mI (199) cpu_starï¿½ets Jun  8 2016 00:22:57

rst:0x1 (POWERON_RESET),boot:0x13 (SPI_FAST_FLASH_BOOT)
configsip: 0, SPIWP:0xee
clk_drv:0x00,q_drv:0x00,d_drv:0x00,cs0_drv:0x00,hd_drv:0x00,wp_drv:0x00
mode:DIO, clock div:2
load:0x3fff0030,len:6368
load:0x40078000,len:15880
load:0x40080400,len:3860
entry 0x40080638
[0;32mI (27) boot: ESP-IDF v5.5-dev-2657-g23c73cdc37 2nd stage bootloader[0m
[0;32mI (27) boot: compile time Apr  6 2025 17:37:33[0m
[0;32mI (27) boot: Multicore bootloader[0m
[0;32mI (30) boot: chip revision: v1.0[0m
[0;32mI (33) boot.esp32: SPI Speed      : 40MHz[0m
[0;32mI (36) boot.esp32: SPI Mode       : DIO[0m
[0;32mI (40) boot.esp32: SPI Flash Size : 2MB[0m
[0;32mI (44) boot: Enabling RNG early entropy source...[0m
[0;32mI (48) boot: Partition Table:[0m
[0;32mI (51) boot: ## Label            Usage          Type ST Offset   Length[0m
[0;32mI (57) boot:  0 nvs              WiFi data        01 02 00009000 00006000[0m
[0;32mI (64) boot:  1 phy_init         RF data          01 01 0000f000 00001000[0m
[0;32mI (70) boot:  2 factory          factory app      00 00 00010000 00100000[0m
[0;32mI (77) boot: End of partition table[0m
[0;32mI (80) esp_image: segment 0: paddr=00010020 vaddr=3f400020 size=0b4d8h ( 46296) map[0m
[0;32mI (103) esp_image: segment 1: paddr=0001b500 vaddr=3ff80000 size=0001ch (    28) load[0m
[0;32mI (103) esp_image: segment 2: paddr=0001b524 vaddr=3ffb0000 size=02384h (  9092) load[0m
[0;32mI (111) esp_image: segment 3: paddr=0001d8b0 vaddr=40080000 size=02768h ( 10088) load[0m
[0;32mI (119) esp_image: segment 4: paddr=00020020 vaddr=400d0020 size=173b0h ( 95152) map[0m
[0;32mI (155) esp_image: segment 5: paddr=000373d8 vaddr=40082768 size=0b4b4h ( 46260) load[0m
[0;32mI (180) boot: Loaded app from partition at offset 0x10000[0m
[0;32mI (180) boot: Disabling RNG early entropy source...[0m
[0;32mI (190) cpu_start: Multicore app[0m
[0;32mI (199) cpu_start: Pro cpu start user code[0m
[0;32mI (199) cpu_start: cpu freq: 160000000 Hz[0m
[0;32mI (199) app_init: Application information:[0m
[0;32mI (202) app_init: Project name:     SignSpeak[0m
[0;32mI (207) app_init: App version:      81ea904-dirty[0m
[0;32mI (212) app_init: Compile time:     Apr  6 2025 17:37:20[0m
[0;32mI (218) app_init: ELF file SHA256:  b1c6a1834fa0dc07...[0m
[0;32mI (224) app_init: ESP-IDF:          v5.5-dev-2657-g23c73cdc37[0m
[0;32mI (230) efuse_init: Min chip rev:     v0.0[0m
[0;32mI (235) efuse_init: Max chip rev:     v3.99 [0m
[0;32mI (240) efuse_init: Chip rev:         v1.0[0m
[0;32mI (245) heap_init: Initializing. RAM available for dynamic allocation:[0m
[0;32mI (252) heap_init: At 3FFAE6E0 len 00001920 (6 KiB): DRAM[0m
[0;32mI (258) heap_init: At 3FFB2C78 len 0002D388 (180 KiB): DRAM[0m
[0;32mI (264) heap_init: At 3FFE0440 len 00003AE0 (14 KiB): D/IRAM[0m
[0;32mI (271) heap_init: At 3FFE4350 len 0001BCB0 (111 KiB): D/IRAM[0m
[0;32mI (277) heap_init: At 4008DC1C len 000123E4 (72 KiB): IRAM[0m
[0;32mI (285) spi_flash: detected chip: generic[0m
[0;32mI (288) spi_flash: flash io: dio[0m
[0;33mW (292) spi_flash: Detected size(4096k) larger than the size in the binary image header(2048k). Using the size in the binary image header.[0m
[0;32mI (306) main_task: Started on CPU0[0m
[0;32mI (316) main_task: Calling app_main()[0m
[0;32mI (316) FLEX_DFPLAYER: Initializing Flex Sensors and DFPlayer...[0m
[0;32mI (2566) FLEX_DFPLAYER: Flex Values - Thumb: 1481, Index: 1511, Middle: 4095, Ring: 0, Pinky: 1509[0m
[0;32mI (2566) FLEX_DFPLAYER: Playing file 1.mp3[0m
[0;32mI (3516) FLEX_DFPLAYER: Flex Values - Thumb: 1497, Index: 1532, Middle: 4095, Ring: 0, Pinky: 1514[0m
[0;32mI (4266) FLEX_DFPLAYER: Flex Values - Thumb: 1478, Index: 1511, Middle: 4095, Ring: 0, Pinky: 1506[0m
[0;32mI (5016) FLEX_DFPLAYER: Flex Values - Thumb: 1480, Index: 1507, Middle: 4095, Ring: 0, Pinky: 1506[0m
[0;32mI (5766) FLEX_DFPLAYER: Flex Values - Thumb: 1475, Index: 1511, Middle: 4095, Ring: 0, Pinky: 1508[0m
[0;32mI (6516) FLEX_DFPLAYER: Flex Values - Thumb: 1486, Index: 1511, Middle: 4095, Ring: 0, Pinky: 1508[0m
[0;32mI (7266) FLEX_DFPLAYER: Flex Values - Thumb: 1366, Index: 1512, Middle: 4095, Ring: 0, Pinky: 1506[0m
[0;32mI (8016) FLEX_DFPLAYER: Flex Values - Thumb: 1448, Index: 1513, Middle: 4095, Ring: 0, Pinky: 1510[0m
[0;32mI (8766) FLEX_DFPLAYER: Flex Values - Thumb: 1451, Index: 1510, Middle: 4095, Ring: 0, Pinky: 1508[0m
[0;32mI (9516) FLEX_DFPLAYER: Flex Values - Thumb: 1452, Index: 1511, Middle: 4095, Ring: 0, Pinky: 1506[0m
[0;32mI (10266) FLEX_DFPLAYER: Flex Values - Thumb: 1455, Index: 1588, Middle: 4095, Ring: 0, Pinky: 1507[0m
[0;32mI (11016) FLEX_DFPLAYER: Flex Values - Thumb: 1456, Index: 1518, Middle: 4095, Ring: 0, Pinky: 1507[0m
[0;32mI (11766) FLEX_DFPLAYER: Flex Values - Thumb: 1455, Index: 1577, Middle: 4095, Ring: 0, Pinky: 1505[0m
[0;32mI (12516) FLEX_DFPLAYER: Flex Values - Thumb: 1448, Index: 0, Middle: 4095, Ring: 0, Pinky: 1505[0m
[0;32mI (12516) FLEX_DFPLAYER: Playing file 2.mp3[0m
[0;32mI (13466) FLEX_DFPLAYER: Flex Values - Thumb: 1470, Index: 1484, Middle: 4095, Ring: 0, Pinky: 1503[0m
[0;32mI (14216) FLEX_DFPLAYER: Flex Values - Thumb: 1457, Index: 1486, Middle: 4095, Ring: 0, Pinky: 1586[0m
[0;32mI (14966) FLEX_DFPLAYER: Flex Values - Thumb: 1456, Index: 1483, Middle: 4095, Ring: 0, Pinky: 1539[0m
[0;32mI (15716) FLEX_DFPLAYER: Flex Values - Thumb: 1457, Index: 1485, Middle: 4095, Ring: 0, Pinky: 1520[0m
[0;32mI (16466) FLEX_DFPLAYER: Flex Values - Thumb: 1456, Index: 1488, Middle: 4095, Ring: 0, Pinky: 1574[0m
[0;32mI (17216) FLEX_DFPLAYER: Flex Values - Thumb: 1457, Index: 1486, Middle: 4095, Ring: 0, Pinky: 1521[0m
[0;32mI (17966) FLEX_DFPLAYER: Flex Values - Thumb: 1459, Index: 1487, Middle: 4095, Ring: 0, Pinky: 1456[0m
[0;32mI (18716) FLEX_DFPLAYER: Flex Values - Thumb: 1457, Index: 1487, Middle: 4095, Ring: 0, Pinky: 1465[0m
[0;32mI (19466) FLEX_DFPLAYER: Flex Values - Thumb: 1458, Index: 1487, Middle: 4095, Ring: 0, Pinky: 1470[0m
[0;32mI (20216) FLEX_DFPLAYER: Flex Values - Thumb: 1458, Index: 1488, Middle: 4095, Ring: 0, Pinky: 1407[0m
[0;32mI (20966) FLEX_DFPLAYER: Flex Values - Thumb: 1458, Index: 1487, Middle: 4095, Ring: 0, Pinky: 1460[0m
[0;32mI (21716) FLEX_DFPLAYER: Flex Values - Thumb: 1458, Index: 1487, Middle: 4095, Ring: 0, Pinky: 1451[0m
[0;32mI (22466) FLEX_DFPLAYER: Flex Values - Thumb: 1458, Index: 1487, Middle: 4095, Ring: 17, Pinky: 1392[0m
[0;32mI (23216) FLEX_DFPLAYER: Flex Values - Thumb: 1459, Index: 1487, Middle: 4095, Ring: 3, Pinky: 1164[0m
[0;32mI (23966) FLEX_DFPLAYER: Flex Values - Thumb: 1459, Index: 1488, Middle: 4095, Ring: 0, Pinky: 1469[0m
[0;32mI (24716) FLEX_DFPLAYER: Flex Values - Thumb: 1459, Index: 1487, Middle: 4095, Ring: 0, Pinky: 1472[0m
[0;32mI (25466) FLEX_DFPLAYER: Flex Values - Thumb: 1460, Index: 1488, Middle: 4095, Ring: 0, Pinky: 1471[0m
[0;32mI (26216) FLEX_DFPLAYER: Flex Values - Thumb: 1458, Index: 1488, Middle: 4095, Ring: 0, Pinky: 1472[0m
[0;32mI (26966) FLEX_DFPLAYER: Flex Values - Thumb: 1460, Index: 1487, Middle: 4095, Ring: 0, Pinky: 1471[0m
[0;32mI (27716) FLEX_DFPLAYER: Flex Values - Thumb: 1458, Index: 0, Middle: 4095, Ring: 0, Pinky: 1472[0m
[0;32mI (28466) FLEX_DFPLAYER: Flex Values - Thumb: 1458, Index: 1533, Middle: 4095, Ring: 0, Pinky: 1471[0m
[0;32mI (29216) FLEX_DFPLAYER: Flex Values - Thumb: 1459, Index: 1464, Middle: 4095, Ring: 0, Pinky: 1470[0m
[0;32mI (29966) FLEX_DFPLAYER: Flex Values - Thumb: 1550, Index: 1471, Middle: 4095, Ring: 0, Pinky: 1474[0m
[0;32mI (30716) FLEX_DFPLAYER: Flex Values - Thumb: 1499, Index: 1441, Middle: 4095, Ring: 0, Pinky: 1474[0m
[0;32mI (31466) FLEX_DFPLAYER: Flex Values - Thumb: 1511, Index: 1475, Middle: 4095, Ring: 0, Pinky: 1477[0m
[0;32mI (32216) FLEX_DFPLAYER: Flex Values - Thumb: 1468, Index: 1475, Middle: 4095, Ring: 0, Pinky: 1478[0m
[0;32mI (32966) FLEX_DFPLAYER: Flex Values - Thumb: 1436, Index: 1475, Middle: 4095, Ring: 0, Pinky: 1477[0m
[0;32mI (33716) FLEX_DFPLAYER: Flex Values - Thumb: 1437, Index: 1475, Middle: 4095, Ring: 0, Pinky: 1476[0m
