Command: /home/bhavesh/.espressif/python_env/idf5.5_py3.10_env/bin/python /home/bhavesh/esp/esp-idf/tools/idf_monitor.py -p /dev/ttyUSB0 -b 115200 --toolchain-prefix xtensa-esp32-elf- --target esp32 --revision 0 /home/bhavesh/Talk-To-My-Hand/flex_sensors/build/flex.elf /home/bhavesh/Talk-To-My-Hand/flex_sensors/build/bootloader/bootloader.elf -m '/home/bhavesh/.espressif/python_env/idf5.5_py3.10_env/bin/python' '/home/bhavesh/esp/esp-idf/tools/idf.py'
[0;32mI (178) boot: Loaded appï¿½ets Jun  8 2016 00:22:57[0m

rst:0x1 (POWERON_RESET),boot:0x13 (SPI_FAST_FLASH_BOOT)
configsip: 0, SPIWP:0xee
clk_drv:0x00,q_drv:0x00,d_drv:0x00,cs0_drv:0x00,hd_drv:0x00,wp_drv:0x00
mode:DIO, clock div:2
load:0x3fff0030,len:6368
load:0x40078000,len:15880
load:0x40080400,len:3860
entry 0x40080638
[0;32mI (27) boot: ESP-IDF v5.5-dev-2657-g23c73cdc37 2nd stage bootloader[0m
[0;32mI (27) boot: compile time Apr 14 2025 15:50:56[0m
[0;32mI (27) boot: Multicore bootloader[0m
[0;32mI (30) boot: chip revision: v1.0[0m
[0;32mI (33) boot.esp32: SPI Speed      : 40MHz[0m
[0;32mI (36) boot.esp32: SPI Mode       : DIO[0m
[0;32mI (40) boot.esp32: SPI Flash Size : 2MB[0m
[0;32mI (43) boot: Enabling RNG early entropy source...[0m
[0;32mI (48) boot: Partition Table:[0m
[0;32mI (51) boot: ## Label            Usage          Type ST Offset   Length[0m
[0;32mI (57) boot:  0 nvs              WiFi data        01 02 00009000 00006000[0m
[0;32mI (63) boot:  1 phy_init         RF data          01 01 0000f000 00001000[0m
[0;32mI (70) boot:  2 factory          factory app      00 00 00010000 00100000[0m
[0;32mI (76) boot: End of partition table[0m
[0;32mI (80) esp_image: segment 0: paddr=00010020 vaddr=3f400020 size=0af98h ( 44952) map[0m
[0;32mI (103) esp_image: segment 1: paddr=0001afc0 vaddr=3ff80000 size=0001ch (    28) load[0m
[0;32mI (103) esp_image: segment 2: paddr=0001afe4 vaddr=3ffb0000 size=02324h (  8996) load[0m
[0;32mI (110) esp_image: segment 3: paddr=0001d310 vaddr=40080000 size=02d08h ( 11528) load[0m
[0;32mI (119) esp_image: segment 4: paddr=00020020 vaddr=400d0020 size=17380h ( 95104) map[0m
[0;32mI (154) esp_image: segment 5: paddr=000373a8 vaddr=40082d08 size=0af14h ( 44820) load[0m
[0;32mI (178) boot: Loaded app from partition at offset 0x10000[0m
[0;32mI (179) boot: Disabling RNG early entropy source...[0m
[0;32mI (189) cpu_start: Multicore app[0m
[0;32mI (197) cpu_start: Pro cpu start user code[0m
[0;32mI (197) cpu_start: cpu freq: 160000000 Hz[0m
[0;32mI (197) app_init: Application information:[0m
[0;32mI (198) app_init: Project name:     flex[0m
[0;32mI (201) app_init: App version:      9b8ef92-dirty[0m
[0;32mI (206) app_init: Compile time:     Apr 14 2025 15:50:48[0m
[0;32mI (211) app_init: ELF file SHA256:  3605d933b...[0m
[0;32mI (215) app_init: ESP-IDF:          v5.5-dev-2657-g23c73cdc37[0m
[0;32mI (220) efuse_init: Min chip rev:     v0.0[0m
[0;32mI (224) efuse_init: Max chip rev:     v3.99 [0m
[0;32mI (228) efuse_init: Chip rev:         v1.0[0m
[0;32mI (232) heap_init: Initializing. RAM available for dynamic allocation:[0m
[0;32mI (238) heap_init: At 3FFAE6E0 len 00001920 (6 KiB): DRAM[0m
[0;32mI (243) heap_init: At 3FFB2C10 len 0002D3F0 (180 KiB): DRAM[0m
[0;32mI (249) heap_init: At 3FFE0440 len 00003AE0 (14 KiB): D/IRAM[0m
[0;32mI (254) heap_init: At 3FFE4350 len 0001BCB0 (111 KiB): D/IRAM[0m
[0;32mI (260) heap_init: At 4008DC1C len 000123E4 (72 KiB): IRAM[0m
[0;32mI (266) spi_flash: detected chip: generic[0m
[0;32mI (269) spi_flash: flash io: dio[0m
[0;33mW (271) spi_flash: Detected size(4096k) larger than the size in the binary image header(2048k). Using the size in the binary image header.[0m
[0;32mI (284) main_task: Started on CPU0[0m
[0;32mI (294) main_task: Calling app_main()[0m
[0;32mI (294) FLEX_DFPLAYER: Initializing Flex Sensors and DFPlayer...[0m
[0;32mI (3294) FLEX_DFPLAYER: Thumb: 0, Index: 3, Middle: 0, Ring: 28, Pinky: 1231[0m
[0;32mI (3294) FLEX_DFPLAYER: Playing file 0005.mp3[0m
[0;32mI (4794) FLEX_DFPLAYER: Thumb: 2, Index: 4, Middle: 0, Ring: 28, Pinky: 1228[0m
[0;32mI (4794) FLEX_DFPLAYER: Playing file 0005.mp3[0m
[0;32mI (6294) FLEX_DFPLAYER: Thumb: 2, Index: 3, Middle: 0, Ring: 28, Pinky: 1226[0m
[0;32mI (6294) FLEX_DFPLAYER: Playing file 0005.mp3[0m
[0;32mI (7794) FLEX_DFPLAYER: Thumb: 2, Index: 3, Middle: 0, Ring: 28, Pinky: 1224[0m
[0;32mI (7794) FLEX_DFPLAYER: Playing file 0005.mp3[0m
[0;32mI (9294) FLEX_DFPLAYER: Thumb: 2, Index: 3, Middle: 0, Ring: 28, Pinky: 1230[0m
[0;32mI (9294) FLEX_DFPLAYER: Playing file 0005.mp3[0m
[0;32mI (10794) FLEX_DFPLAYER: Thumb: 2, Index: 3, Middle: 0, Ring: 28, Pinky: 1235[0m
[0;32mI (10794) FLEX_DFPLAYER: Playing file 0005.mp3[0m
[0;32mI (12294) FLEX_DFPLAYER: Thumb: 2, Index: 3, Middle: 0, Ring: 28, Pinky: 1250[0m
[0;32mI (12294) FLEX_DFPLAYER: Playing file 0005.mp3[0m
[0;32mI (13794) FLEX_DFPLAYER: Thumb: 2, Index: 3, Middle: 0, Ring: 28, Pinky: 1251[0m
[0;32mI (15094) FLEX_DFPLAYER: Thumb: 2, Index: 3, Middle: 0, Ring: 28, Pinky: 1255[0m
[0;32mI (16394) FLEX_DFPLAYER: Thumb: 2, Index: 3, Middle: 0, Ring: 28, Pinky: 1253[0m
[0;32mI (17694) FLEX_DFPLAYER: Thumb: 2, Index: 3, Middle: 0, Ring: 28, Pinky: 1155[0m
[0;32mI (18994) FLEX_DFPLAYER: Thumb: 2, Index: 3, Middle: 0, Ring: 27, Pinky: 987[0m
[0;32mI (20294) FLEX_DFPLAYER: Thumb: 1, Index: 3, Middle: 0, Ring: 28, Pinky: 992[0m
[0;32mI (21594) FLEX_DFPLAYER: Thumb: 2, Index: 3, Middle: 0, Ring: 28, Pinky: 1261[0m
[0;32mI (22894) FLEX_DFPLAYER: Thumb: 2, Index: 3, Middle: 0, Ring: 28, Pinky: 1254[0m
[0;32mI (24194) FLEX_DFPLAYER: Thumb: 2, Index: 3, Middle: 0, Ring: 28, Pinky: 1195[0m
[0;32mI (25494) FLEX_DFPLAYER: Thumb: 2, Index: 4, Middle: 0, Ring: 28, Pinky: 1183[0m
[0;32mI (26794) FLEX_DFPLAYER: Thumb: 2, Index: 3, Middle: 0, Ring: 28, Pinky: 1172[0m
[0;32mI (28094) FLEX_DFPLAYER: Thumb: 2, Index: 4, Middle: 0, Ring: 28, Pinky: 1208[0m
[0;32mI (28094) FLEX_DFPLAYER: Playing file 0005.mp3[0m
[0;32mI (29594) FLEX_DFPLAYER: Thumb: 2, Index: 3, Middle: 0, Ring: 28, Pinky: 1207[0m
[0;32mI (29594) FLEX_DFPLAYER: Playing file 0005.mp3[0m
[0;32mI (31094) FLEX_DFPLAYER: Thumb: 2, Index: 3, Middle: 0, Ring: 28, Pinky: 1209[0m
[0;32mI (31094) FLEX_DFPLAYER: Playing file 0005.mp3[0m
[0;32mI (32594) FLEX_DFPLAYER: Thumb: 2, Index: 3, Middle: 0, Ring: 28, Pinky: 1015[0m
[0;32mI (33894) FLEX_DFPLAYER: Thumb: 2, Index: 3, Middle: 0, Ring: 28, Pinky: 999[0m
[0;32mI (35194) FLEX_DFPLAYER: Thumb: 1, Index: 3, Middle: 0, Ring: 28, Pinky: 1004[0m
[0;32mI (36494) FLEX_DFPLAYER: Thumb: 2, Index: 3, Middle: 0, Ring: 28, Pinky: 1009[0m
[0;32mI (37794) FLEX_DFPLAYER: Thumb: 2, Index: 3, Middle: 0, Ring: 28, Pinky: 1013[0m
[0;32mI (39094) FLEX_DFPLAYER: Thumb: 2, Index: 3, Middle: 0, Ring: 28, Pinky: 1016[0m
[0;32mI (40394) FLEX_DFPLAYER: Thumb: 2, Index: 3, Middle: 0, Ring: 28, Pinky: 1007[0m
[0;32mI (41694) FLEX_DFPLAYER: Thumb: 2, Index: 3, Middle: 0, Ring: 28, Pinky: 1016[0m
[0;32mI (42994) FLEX_DFPLAYER: Thumb: 2, Index: 3, Middle: 0, Ring: 27, Pinky: 1025[0m
[0;32mI (44294) FLEX_DFPLAYER: Thumb: 2, Index: 3, Middle: 0, Ring: 28, Pinky: 1016[0m
[0;32mI (45594) FLEX_DFPLAYER: Thumb: 2, Index: 4, Middle: 0, Ring: 28, Pinky: 1035[0m
[0;32mI (46894) FLEX_DFPLAYER: Thumb: 2, Index: 3, Middle: 0, Ring: 28, Pinky: 1020[0m
[0;32mI (48194) FLEX_DFPLAYER: Thumb: 2, Index: 3, Middle: 0, Ring: 28, Pinky: 1030[0m
[0;32mI (49494) FLEX_DFPLAYER: Thumb: 2, Index: 3, Middle: 0, Ring: 28, Pinky: 1030[0m
[0;32mI (50794) FLEX_DFPLAYER: Thumb: 2, Index: 3, Middle: 0, Ring: 28, Pinky: 1035[0m
[0;32mI (52094) FLEX_DFPLAYER: Thumb: 2, Index: 3, Middle: 0, Ring: 27, Pinky: 1073[0m
[0;32mI (53394) FLEX_DFPLAYER: Thumb: 2, Index: 3, Middle: 0, Ring: 27, Pinky: 1116[0m
[0;32mI (54694) FLEX_DFPLAYER: Thumb: 2, Index: 3, Middle: 0, Ring: 27, Pinky: 1076[0m
[0;32mI (55994) FLEX_DFPLAYER: Thumb: 2, Index: 4, Middle: 0, Ring: 27, Pinky: 1092[0m
[0;32mI (57294) FLEX_DFPLAYER: Thumb: 2, Index: 3, Middle: 0, Ring: 27, Pinky: 1123[0m
[0;32mI (58594) FLEX_DFPLAYER: Thumb: 2, Index: 3, Middle: 0, Ring: 27, Pinky: 1316[0m
[0;32mI (59894) FLEX_DFPLAYER: Thumb: 2, Index: 4, Middle: 0, Ring: 27, Pinky: 1053[0m
[0;32mI (61194) FLEX_DFPLAYER: Thumb: 2, Index: 3, Middle: 0, Ring: 27, Pinky: 1058[0m
[0;32mI (62494) FLEX_DFPLAYER: Thumb: 2, Index: 3, Middle: 0, Ring: 27, Pinky: 1058[0m
[0;32mI (63794) FLEX_DFPLAYER: Thumb: 2, Index: 3, Middle: 0, Ring: 27, Pinky: 1065[0m
[0;32mI (65094) FLEX_DFPLAYER: Thumb: 2, Index: 3, Middle: 0, Ring: 26, Pinky: 1063[0m
[0;32mI (66394) FLEX_DFPLAYER: Thumb: 2, Index: 3, Middle: 0, Ring: 27, Pinky: 1063[0m
[0;32mI (67694) FLEX_DFPLAYER: Thumb: 2, Index: 3, Middle: 0, Ring: 27, Pinky: 1070[0m
[0;32mI (68994) FLEX_DFPLAYER: Thumb: 2, Index: 3, Middle: 0, Ring: 26, Pinky: 1050[0m
[0;32mI (70294) FLEX_DFPLAYER: Thumb: 2, Index: 3, Middle: 0, Ring: 27, Pinky: 1063[0m
[0;32mI (71594) FLEX_DFPLAYER: Thumb: 2, Index: 4, Middle: 0, Ring: 27, Pinky: 1038[0m
[0;32mI (72894) FLEX_DFPLAYER: Thumb: 2, Index: 3, Middle: 0, Ring: 27, Pinky: 1032[0m
[0;32mI (74194) FLEX_DFPLAYER: Thumb: 2, Index: 3, Middle: 0, Ring: 27, Pinky: 1120[0m
[0;32mI (75494) FLEX_DFPLAYER: Thumb: 2, Index: 3, Middle: 0, Ring: 27, Pinky: 1088[0m
[0;32mI (76794) FLEX_DFPLAYER: Thumb: 2, Index: 3, Middle: 0, Ring: 27, Pinky: 1130[0m
[0;32mI (78094) FLEX_DFPLAYER: Thumb: 2, Index: 3, Middle: 0, Ring: 27, Pinky: 1075[0m
[0;32mI (79394) FLEX_DFPLAYER: Thumb: 2, Index: 3, Middle: 0, Ring: 27, Pinky: 1086[0m
[0;32mI (80694) FLEX_DFPLAYER: Thumb: 2, Index: 3, Middle: 0, Ring: 27, Pinky: 1248[0m
[0;32mI (80694) FLEX_DFPLAYER: Playing file 0005.mp3[0m
[0;32mI (82194) FLEX_DFPLAYER: Thumb: 2, Index: 4, Middle: 0, Ring: 27, Pinky: 1118[0m
[0;32mI (83494) FLEX_DFPLAYER: Thumb: 2, Index: 3, Middle: 0, Ring: 27, Pinky: 1107[0m
[0;32mI (84794) FLEX_DFPLAYER: Thumb: 2, Index: 4, Middle: 0, Ring: 27, Pinky: 1118[0m
[0;32mI (86094) FLEX_DFPLAYER: Thumb: 2, Index: 4, Middle: 0, Ring: 27, Pinky: 1121[0m
[0;32mI (87394) FLEX_DFPLAYER: Thumb: 2, Index: 3, Middle: 0, Ring: 27, Pinky: 1134[0m
[0;32mI (88694) FLEX_DFPLAYER: Thumb: 2, Index: 3, Middle: 0, Ring: 27, Pinky: 1136[0m
[0;32mI (89994) FLEX_DFPLAYER: Thumb: 2, Index: 3, Middle: 0, Ring: 27, Pinky: 1128[0m
